May 23 19:41:31 ip-172-31-29-92 kernel: [    0.000000] Linux version 5.15.0-1036-aws (buildd@lcy02-amd64-077) (gcc (Ubuntu 9.4.0-1ubuntu1~20.04.1) 9.4.0, GNU ld (GNU Binutils for Ubuntu) 2.34) #40~20.04.1-Ubuntu SMP Mon Apr 24 00:21:13 UTC 2023 (Ubuntu 5.15.0-1036.40~20.04.1-aws 5.15.98)
May 23 19:41:31 ip-172-31-29-92 kernel: [    0.000000] Command line: BOOT_IMAGE=/boot/vmlinuz-5.15.0-1036-aws root=PARTUUID=649d63cb-5b71-44b7-8495-2466cb37066f ro console=tty1 console=ttyS0 nvme_core.io_timeout=4294967295 panic=-1
May 23 19:41:31 ip-172-31-29-92 kernel: [    0.000000] KERNEL supported cpus:
May 23 19:41:31 ip-172-31-29-92 kernel: [    0.000000]   Intel GenuineIntel
May 23 19:41:31 ip-172-31-29-92 kernel: [    0.000000]   AMD AuthenticAMD
May 23 19:41:31 ip-172-31-29-92 kernel: [    0.000000]   Hygon HygonGenuine
May 23 19:41:31 ip-172-31-29-92 kernel: [    0.000000]   Centaur CentaurHauls
May 23 19:41:31 ip-172-31-29-92 kernel: [    0.000000]   zhaoxin   Shanghai  
May 23 19:41:31 ip-172-31-29-92 kernel: [    0.000000] x86/fpu: Supporting XSAVE feature 0x001: 'x87 floating point registers'
May 23 19:41:31 ip-172-31-29-92 kernel: [    0.000000] x86/fpu: Supporting XSAVE feature 0x002: 'SSE registers'
May 23 19:41:31 ip-172-31-29-92 kernel: [    0.000000] x86/fpu: Supporting XSAVE feature 0x004: 'AVX registers'
May 23 19:41:31 ip-172-31-29-92 kernel: [    0.000000] x86/fpu: xstate_offset[2]:  576, xstate_sizes[2]:  256
May 23 19:41:31 ip-172-31-29-92 kernel: [    0.000000] x86/fpu: Enabled xstate features 0x7, context size is 832 bytes, using 'standard' format.
May 23 19:41:31 ip-172-31-29-92 kernel: [    0.000000] signal: max sigframe size: 1776
May 23 19:41:31 ip-172-31-29-92 kernel: [    0.000000] BIOS-provided physical RAM map:
May 23 19:41:31 ip-172-31-29-92 kernel: [    0.000000] BIOS-e820: [mem 0x0000000000000000-0x000000000009dfff] usable
May 23 19:41:31 ip-172-31-29-92 kernel: [    0.000000] BIOS-e820: [mem 0x000000000009e000-0x000000000009ffff] reserved
May 23 19:41:31 ip-172-31-29-92 kernel: [    0.000000] BIOS-e820: [mem 0x00000000000e0000-0x00000000000fffff] reserved
May 23 19:41:31 ip-172-31-29-92 kernel: [    0.000000] BIOS-e820: [mem 0x0000000000100000-0x000000003fffffff] usable
May 23 19:41:31 ip-172-31-29-92 kernel: [    0.000000] BIOS-e820: [mem 0x00000000fc000000-0x00000000ffffffff] reserved
May 23 19:41:31 ip-172-31-29-92 kernel: [    0.000000] NX (Execute Disable) protection: active
May 23 19:41:31 ip-172-31-29-92 kernel: [    0.000000] SMBIOS 2.7 present.
May 23 19:41:31 ip-172-31-29-92 kernel: [    0.000000] DMI: Xen HVM domU, BIOS 4.11.amazon 08/24/2006
May 23 19:41:31 ip-172-31-29-92 kernel: [    0.000000] Hypervisor detected: Xen HVM
May 23 19:41:31 ip-172-31-29-92 kernel: [    0.000000] Xen version 4.11.
May 23 19:41:31 ip-172-31-29-92 kernel: [    0.000000] platform_pci_unplug: Netfront and the Xen platform PCI driver have been compiled for this kernel: unplug emulated NICs.
May 23 19:41:31 ip-172-31-29-92 kernel: [    0.000000] platform_pci_unplug: Blkfront and the Xen platform PCI driver have been compiled for this kernel: unplug emulated disks.
May 23 19:41:31 ip-172-31-29-92 kernel: [    0.000000] You might have to change the root device
May 23 19:41:31 ip-172-31-29-92 kernel: [    0.000000] from /dev/hd[a-d] to /dev/xvd[a-d]
May 23 19:41:31 ip-172-31-29-92 kernel: [    0.000000] in your root= kernel command line option
May 23 19:41:31 ip-172-31-29-92 kernel: [    0.000019] HVMOP_pagetable_dying not supported
May 23 19:41:31 ip-172-31-29-92 kernel: [    0.021703] tsc: Fast TSC calibration using PIT
May 23 19:41:31 ip-172-31-29-92 kernel: [    0.021708] tsc: Detected 2400.249 MHz processor
May 23 19:41:31 ip-172-31-29-92 kernel: [    0.021710] tsc: Detected 2400.010 MHz TSC
May 23 19:41:31 ip-172-31-29-92 kernel: [    0.022134] e820: update [mem 0x00000000-0x00000fff] usable ==> reserved
May 23 19:41:31 ip-172-31-29-92 kernel: [    0.022139] e820: remove [mem 0x000a0000-0x000fffff] usable
May 23 19:41:31 ip-172-31-29-92 kernel: [    0.022145] last_pfn = 0x40000 max_arch_pfn = 0x400000000
May 23 19:41:31 ip-172-31-29-92 kernel: [    0.022191] x86/PAT: Configuration [0-7]: WB  WC  UC- UC  WB  WP  UC- WT  
May 23 19:41:31 ip-172-31-29-92 kernel: [    0.029684] found SMP MP-table at [mem 0x000fb9a0-0x000fb9af]
May 23 19:41:31 ip-172-31-29-92 kernel: [    0.029789] RAMDISK: [mem 0x372b3000-0x37950fff]
May 23 19:41:31 ip-172-31-29-92 kernel: [    0.029794] ACPI: Early table checksum verification disabled
May 23 19:41:31 ip-172-31-29-92 kernel: [    0.029799] ACPI: RSDP 0x00000000000EA020 000024 (v02 Xen   )
May 23 19:41:31 ip-172-31-29-92 kernel: [    0.029804] ACPI: XSDT 0x00000000FC00C780 000054 (v01 Xen    HVM      00000000 HVML 00000000)
May 23 19:41:31 ip-172-31-29-92 kernel: [    0.029811] ACPI: FACP 0x00000000FC00C440 0000F4 (v04 Xen    HVM      00000000 HVML 00000000)
May 23 19:41:31 ip-172-31-29-92 kernel: [    0.029818] ACPI: DSDT 0x00000000FC003940 008A7E (v02 Xen    HVM      00000000 INTL 20090123)
May 23 19:41:31 ip-172-31-29-92 kernel: [    0.029822] ACPI: FACS 0x00000000FC003900 000040
May 23 19:41:31 ip-172-31-29-92 kernel: [    0.029826] ACPI: FACS 0x00000000FC003900 000040
May 23 19:41:31 ip-172-31-29-92 kernel: [    0.029829] ACPI: APIC 0x00000000FC00C540 0000D8 (v02 Xen    HVM      00000000 HVML 00000000)
May 23 19:41:31 ip-172-31-29-92 kernel: [    0.029833] ACPI: HPET 0x00000000FC00C690 000038 (v01 Xen    HVM      00000000 HVML 00000000)
May 23 19:41:31 ip-172-31-29-92 kernel: [    0.029838] ACPI: WAET 0x00000000FC00C6D0 000028 (v01 Xen    HVM      00000000 HVML 00000000)
May 23 19:41:31 ip-172-31-29-92 kernel: [    0.029842] ACPI: SSDT 0x00000000FC00C700 000031 (v02 Xen    HVM      00000000 INTL 20090123)
May 23 19:41:31 ip-172-31-29-92 kernel: [    0.029846] ACPI: SSDT 0x00000000FC00C740 000033 (v02 Xen    HVM      00000000 INTL 20090123)
May 23 19:41:31 ip-172-31-29-92 kernel: [    0.029849] ACPI: Reserving FACP table memory at [mem 0xfc00c440-0xfc00c533]
May 23 19:41:31 ip-172-31-29-92 kernel: [    0.029851] ACPI: Reserving DSDT table memory at [mem 0xfc003940-0xfc00c3bd]
May 23 19:41:31 ip-172-31-29-92 kernel: [    0.029853] ACPI: Reserving FACS table memory at [mem 0xfc003900-0xfc00393f]
May 23 19:41:31 ip-172-31-29-92 kernel: [    0.029855] ACPI: Reserving FACS table memory at [mem 0xfc003900-0xfc00393f]
May 23 19:41:31 ip-172-31-29-92 kernel: [    0.029856] ACPI: Reserving APIC table memory at [mem 0xfc00c540-0xfc00c617]
May 23 19:41:31 ip-172-31-29-92 kernel: [    0.029858] ACPI: Reserving HPET table memory at [mem 0xfc00c690-0xfc00c6c7]
May 23 19:41:31 ip-172-31-29-92 kernel: [    0.029859] ACPI: Reserving WAET table memory at [mem 0xfc00c6d0-0xfc00c6f7]
May 23 19:41:31 ip-172-31-29-92 kernel: [    0.029860] ACPI: Reserving SSDT table memory at [mem 0xfc00c700-0xfc00c730]
May 23 19:41:31 ip-172-31-29-92 kernel: [    0.029862] ACPI: Reserving SSDT table memory at [mem 0xfc00c740-0xfc00c772]
May 23 19:41:31 ip-172-31-29-92 kernel: [    0.031969] No NUMA configuration found
May 23 19:41:31 ip-172-31-29-92 kernel: [    0.031972] Faking a node at [mem 0x0000000000000000-0x000000003fffffff]
May 23 19:41:31 ip-172-31-29-92 kernel: [    0.031982] NODE_DATA(0) allocated [mem 0x3ffd6000-0x3fffffff]
May 23 19:41:31 ip-172-31-29-92 kernel: [    0.032290] Zone ranges:
May 23 19:41:31 ip-172-31-29-92 kernel: [    0.032292]   DMA      [mem 0x0000000000001000-0x0000000000ffffff]
May 23 19:41:31 ip-172-31-29-92 kernel: [    0.032294]   DMA32    [mem 0x0000000001000000-0x000000003fffffff]
May 23 19:41:31 ip-172-31-29-92 kernel: [    0.032297]   Normal   empty
May 23 19:41:31 ip-172-31-29-92 kernel: [    0.032298]   Device   empty
May 23 19:41:31 ip-172-31-29-92 kernel: [    0.032300] Movable zone start for each node
May 23 19:41:31 ip-172-31-29-92 kernel: [    0.032304] Early memory node ranges
May 23 19:41:31 ip-172-31-29-92 kernel: [    0.032305]   node   0: [mem 0x0000000000001000-0x000000000009dfff]
May 23 19:41:31 ip-172-31-29-92 kernel: [    0.032306]   node   0: [mem 0x0000000000100000-0x000000003fffffff]
May 23 19:41:31 ip-172-31-29-92 kernel: [    0.032308] Initmem setup node 0 [mem 0x0000000000001000-0x000000003fffffff]
May 23 19:41:31 ip-172-31-29-92 kernel: [    0.032313] On node 0, zone DMA: 1 pages in unavailable ranges
May 23 19:41:31 ip-172-31-29-92 kernel: [    0.032346] On node 0, zone DMA: 98 pages in unavailable ranges
May 23 19:41:31 ip-172-31-29-92 kernel: [    0.036982] ACPI: PM-Timer IO Port: 0xb008
May 23 19:41:31 ip-172-31-29-92 kernel: [    0.037048] IOAPIC[0]: apic_id 1, version 17, address 0xfec00000, GSI 0-47
May 23 19:41:31 ip-172-31-29-92 kernel: [    0.037052] ACPI: INT_SRC_OVR (bus 0 bus_irq 0 global_irq 2 dfl dfl)
May 23 19:41:31 ip-172-31-29-92 kernel: [    0.037055] ACPI: INT_SRC_OVR (bus 0 bus_irq 5 global_irq 5 low level)
May 23 19:41:31 ip-172-31-29-92 kernel: [    0.037057] ACPI: INT_SRC_OVR (bus 0 bus_irq 10 global_irq 10 low level)
May 23 19:41:31 ip-172-31-29-92 kernel: [    0.037058] ACPI: INT_SRC_OVR (bus 0 bus_irq 11 global_irq 11 low level)
May 23 19:41:31 ip-172-31-29-92 kernel: [    0.037063] ACPI: Using ACPI (MADT) for SMP configuration information
May 23 19:41:31 ip-172-31-29-92 kernel: [    0.037065] ACPI: HPET id: 0x8086a201 base: 0xfed00000
May 23 19:41:31 ip-172-31-29-92 kernel: [    0.037069] TSC deadline timer available
May 23 19:41:31 ip-172-31-29-92 kernel: [    0.037078] smpboot: Allowing 15 CPUs, 14 hotplug CPUs
May 23 19:41:31 ip-172-31-29-92 kernel: [    0.037088] PM: hibernation: Registered nosave memory: [mem 0x00000000-0x00000fff]
May 23 19:41:31 ip-172-31-29-92 kernel: [    0.037090] PM: hibernation: Registered nosave memory: [mem 0x0009e000-0x0009ffff]
May 23 19:41:31 ip-172-31-29-92 kernel: [    0.037092] PM: hibernation: Registered nosave memory: [mem 0x000a0000-0x000dffff]
May 23 19:41:31 ip-172-31-29-92 kernel: [    0.037093] PM: hibernation: Registered nosave memory: [mem 0x000e0000-0x000fffff]
May 23 19:41:31 ip-172-31-29-92 kernel: [    0.037096] [mem 0x40000000-0xfbffffff] available for PCI devices
May 23 19:41:31 ip-172-31-29-92 kernel: [    0.037098] Booting paravirtualized kernel on Xen HVM
May 23 19:41:31 ip-172-31-29-92 kernel: [    0.037101] clocksource: refined-jiffies: mask: 0xffffffff max_cycles: 0xffffffff, max_idle_ns: 7645519600211568 ns
May 23 19:41:31 ip-172-31-29-92 kernel: [    0.037109] setup_percpu: NR_CPUS:8192 nr_cpumask_bits:15 nr_cpu_ids:15 nr_node_ids:1
May 23 19:41:31 ip-172-31-29-92 kernel: [    0.037899] percpu: Embedded 60 pages/cpu s208896 r8192 d28672 u262144
May 23 19:41:31 ip-172-31-29-92 kernel: [    0.037905] pcpu-alloc: s208896 r8192 d28672 u262144 alloc=1*2097152
May 23 19:41:31 ip-172-31-29-92 kernel: [    0.037908] pcpu-alloc: [0] 00 01 02 03 04 05 06 07 [0] 08 09 10 11 12 13 14 -- 
May 23 19:41:31 ip-172-31-29-92 kernel: [    0.037950] xen: PV spinlocks enabled
May 23 19:41:31 ip-172-31-29-92 kernel: [    0.037953] PV qspinlock hash table entries: 256 (order: 0, 4096 bytes, linear)
May 23 19:41:31 ip-172-31-29-92 kernel: [    0.037959] Built 1 zonelists, mobility grouping on.  Total pages: 257792
May 23 19:41:31 ip-172-31-29-92 kernel: [    0.037961] Policy zone: DMA32
May 23 19:41:31 ip-172-31-29-92 kernel: [    0.037963] Kernel command line: BOOT_IMAGE=/boot/vmlinuz-5.15.0-1036-aws root=PARTUUID=649d63cb-5b71-44b7-8495-2466cb37066f ro console=tty1 console=ttyS0 nvme_core.io_timeout=4294967295 panic=-1
May 23 19:41:31 ip-172-31-29-92 kernel: [    0.038044] Unknown kernel command line parameters "BOOT_IMAGE=/boot/vmlinuz-5.15.0-1036-aws", will be passed to user space.
May 23 19:41:31 ip-172-31-29-92 kernel: [    0.038195] Dentry cache hash table entries: 131072 (order: 8, 1048576 bytes, linear)
May 23 19:41:31 ip-172-31-29-92 kernel: [    0.038271] Inode-cache hash table entries: 65536 (order: 7, 524288 bytes, linear)
May 23 19:41:31 ip-172-31-29-92 kernel: [    0.038439] mem auto-init: stack:off, heap alloc:on, heap free:off
May 23 19:41:31 ip-172-31-29-92 kernel: [    0.040948] Memory: 973644K/1048180K available (16393K kernel code, 4385K rwdata, 10872K rodata, 3244K init, 6552K bss, 74276K reserved, 0K cma-reserved)
May 23 19:41:31 ip-172-31-29-92 kernel: [    0.041322] SLUB: HWalign=64, Order=0-3, MinObjects=0, CPUs=15, Nodes=1
May 23 19:41:31 ip-172-31-29-92 kernel: [    0.041342] Kernel/User page tables isolation: enabled
May 23 19:41:31 ip-172-31-29-92 kernel: [    0.041361] ftrace: allocating 50272 entries in 197 pages
May 23 19:41:31 ip-172-31-29-92 kernel: [    0.068406] ftrace: allocated 197 pages with 4 groups
May 23 19:41:31 ip-172-31-29-92 kernel: [    0.068619] rcu: Hierarchical RCU implementation.
May 23 19:41:31 ip-172-31-29-92 kernel: [    0.068621] rcu: 	RCU restricting CPUs from NR_CPUS=8192 to nr_cpu_ids=15.
May 23 19:41:31 ip-172-31-29-92 kernel: [    0.068623] 	Rude variant of Tasks RCU enabled.
May 23 19:41:31 ip-172-31-29-92 kernel: [    0.068624] 	Tracing variant of Tasks RCU enabled.
May 23 19:41:31 ip-172-31-29-92 kernel: [    0.068626] rcu: RCU calculated value of scheduler-enlistment delay is 25 jiffies.
May 23 19:41:31 ip-172-31-29-92 kernel: [    0.068627] rcu: Adjusting geometry for rcu_fanout_leaf=16, nr_cpu_ids=15
May 23 19:41:31 ip-172-31-29-92 kernel: [    0.073297] NR_IRQS: 524544, nr_irqs: 952, preallocated irqs: 16
May 23 19:41:31 ip-172-31-29-92 kernel: [    0.073333] xen:events: Using 2-level ABI
May 23 19:41:31 ip-172-31-29-92 kernel: [    0.073407] xen:events: Xen HVM callback vector for event delivery is enabled
May 23 19:41:31 ip-172-31-29-92 kernel: [    0.073562] random: crng init done
May 23 19:41:31 ip-172-31-29-92 kernel: [    0.108255] Console: colour VGA+ 80x25
May 23 19:41:31 ip-172-31-29-92 kernel: [    0.229268] printk: console [tty1] enabled
May 23 19:41:31 ip-172-31-29-92 kernel: [    0.230124] Cannot get hvm parameter CONSOLE_EVTCHN (18): -22!
May 23 19:41:31 ip-172-31-29-92 kernel: [    0.834861] printk: console [ttyS0] enabled
May 23 19:41:31 ip-172-31-29-92 kernel: [    0.839269] ACPI: Core revision 20210730
May 23 19:41:31 ip-172-31-29-92 kernel: [    0.843840] clocksource: hpet: mask: 0xffffffff max_cycles: 0xffffffff, max_idle_ns: 30580167144 ns
May 23 19:41:31 ip-172-31-29-92 kernel: [    0.852660] APIC: Switch to symmetric I/O mode setup
May 23 19:41:31 ip-172-31-29-92 kernel: [    0.858663] x2apic: IRQ remapping doesn't support X2APIC mode
May 23 19:41:31 ip-172-31-29-92 kernel: [    0.865212] Switched APIC routing to physical flat.
May 23 19:41:31 ip-172-31-29-92 kernel: [    0.872478] ..TIMER: vector=0x30 apic1=0 pin1=2 apic2=0 pin2=0
May 23 19:41:31 ip-172-31-29-92 kernel: [    0.894395] clocksource: tsc-early: mask: 0xffffffffffffffff max_cycles: 0x229840d1729, max_idle_ns: 440795276167 ns
May 23 19:41:31 ip-172-31-29-92 kernel: [    0.902618] Calibrating delay loop (skipped), value calculated using timer frequency.. 4800.02 BogoMIPS (lpj=9600040)
May 23 19:41:31 ip-172-31-29-92 kernel: [    0.910615] pid_max: default: 32768 minimum: 301
May 23 19:41:31 ip-172-31-29-92 kernel: [    0.914672] LSM: Security Framework initializing
May 23 19:41:31 ip-172-31-29-92 kernel: [    0.918213] landlock: Up and running.
May 23 19:41:31 ip-172-31-29-92 kernel: [    0.918615] Yama: becoming mindful.
May 23 19:41:31 ip-172-31-29-92 kernel: [    0.922652] AppArmor: AppArmor initialized
May 23 19:41:31 ip-172-31-29-92 kernel: [    0.926667] Mount-cache hash table entries: 2048 (order: 2, 16384 bytes, linear)
May 23 19:41:31 ip-172-31-29-92 kernel: [    0.934619] Mountpoint-cache hash table entries: 2048 (order: 2, 16384 bytes, linear)
May 23 19:41:31 ip-172-31-29-92 kernel: [    0.943030] Last level iTLB entries: 4KB 1024, 2MB 1024, 4MB 1024
May 23 19:41:31 ip-172-31-29-92 kernel: [    0.950616] Last level dTLB entries: 4KB 1024, 2MB 1024, 4MB 1024, 1GB 4
May 23 19:41:31 ip-172-31-29-92 kernel: [    0.954633] Spectre V1 : Mitigation: usercopy/swapgs barriers and __user pointer sanitization
May 23 19:41:31 ip-172-31-29-92 kernel: [    0.962615] Spectre V2 : Mitigation: Retpolines
May 23 19:41:31 ip-172-31-29-92 kernel: [    0.966614] Spectre V2 : Spectre v2 / SpectreRSB mitigation: Filling RSB on context switch
May 23 19:41:31 ip-172-31-29-92 kernel: [    0.974615] Spectre V2 : Spectre v2 / SpectreRSB : Filling RSB on VMEXIT
May 23 19:41:31 ip-172-31-29-92 kernel: [    0.978616] Speculative Store Bypass: Vulnerable
May 23 19:41:31 ip-172-31-29-92 kernel: [    0.982621] MDS: Vulnerable: Clear CPU buffers attempted, no microcode
May 23 19:41:31 ip-172-31-29-92 kernel: [    0.986615] MMIO Stale Data: Vulnerable: Clear CPU buffers attempted, no microcode
May 23 19:41:31 ip-172-31-29-92 kernel: [    1.021504] clocksource: xen: mask: 0xffffffffffffffff max_cycles: 0x1cd42e4dffb, max_idle_ns: 881590591483 ns
May 23 19:41:31 ip-172-31-29-92 kernel: [    1.182637] Xen: using vcpuop timer interface
May 23 19:41:31 ip-172-31-29-92 kernel: [    1.182648] installing Xen timer for CPU 0
May 23 19:41:31 ip-172-31-29-92 kernel: [    1.186706] smpboot: CPU0: Intel(R) Xeon(R) CPU E5-2676 v3 @ 2.40GHz (family: 0x6, model: 0x3f, stepping: 0x2)
May 23 19:41:31 ip-172-31-29-92 kernel: [    1.190668] cpu 0 spinlock event irq 53
May 23 19:41:31 ip-172-31-29-92 kernel: [    1.194650] Performance Events: unsupported p6 CPU model 63 no PMU driver, software events only.
May 23 19:41:31 ip-172-31-29-92 kernel: [    1.198660] rcu: Hierarchical SRCU implementation.
May 23 19:41:31 ip-172-31-29-92 kernel: [    1.203096] NMI watchdog: Perf NMI watchdog permanently disabled
May 23 19:41:31 ip-172-31-29-92 kernel: [    1.206832] smp: Bringing up secondary CPUs ...
May 23 19:41:31 ip-172-31-29-92 kernel: [    1.210621] smp: Brought up 1 node, 1 CPU
May 23 19:41:31 ip-172-31-29-92 kernel: [    1.214622] smpboot: Max logical packages: 15
May 23 19:41:31 ip-172-31-29-92 kernel: [    1.218620] smpboot: Total of 1 processors activated (4800.02 BogoMIPS)
May 23 19:41:31 ip-172-31-29-92 kernel: [    1.222865] devtmpfs: initialized
May 23 19:41:31 ip-172-31-29-92 kernel: [    1.226398] x86/mm: Memory block size: 128MB
May 23 19:41:31 ip-172-31-29-92 kernel: [    1.226929] clocksource: jiffies: mask: 0xffffffff max_cycles: 0xffffffff, max_idle_ns: 7645041785100000 ns
May 23 19:41:31 ip-172-31-29-92 kernel: [    1.230679] futex hash table entries: 4096 (order: 6, 262144 bytes, linear)
May 23 19:41:31 ip-172-31-29-92 kernel: [    1.234727] pinctrl core: initialized pinctrl subsystem
May 23 19:41:31 ip-172-31-29-92 kernel: [    1.238761] PM: RTC time: 19:41:14, date: 2023-05-23
May 23 19:41:31 ip-172-31-29-92 kernel: [    1.242768] NET: Registered PF_NETLINK/PF_ROUTE protocol family
May 23 19:41:31 ip-172-31-29-92 kernel: [    1.246765] DMA: preallocated 128 KiB GFP_KERNEL pool for atomic allocations
May 23 19:41:31 ip-172-31-29-92 kernel: [    1.250648] DMA: preallocated 128 KiB GFP_KERNEL|GFP_DMA pool for atomic allocations
May 23 19:41:31 ip-172-31-29-92 kernel: [    1.254645] DMA: preallocated 128 KiB GFP_KERNEL|GFP_DMA32 pool for atomic allocations
May 23 19:41:31 ip-172-31-29-92 kernel: [    1.258637] audit: initializing netlink subsys (disabled)
May 23 19:41:31 ip-172-31-29-92 kernel: [    1.262848] thermal_sys: Registered thermal governor 'fair_share'
May 23 19:41:31 ip-172-31-29-92 kernel: [    1.262850] thermal_sys: Registered thermal governor 'bang_bang'
May 23 19:41:31 ip-172-31-29-92 kernel: [    1.266627] audit: type=2000 audit(1684870874.979:1): state=initialized audit_enabled=0 res=1
May 23 19:41:31 ip-172-31-29-92 kernel: [    1.274627] thermal_sys: Registered thermal governor 'step_wise'
May 23 19:41:31 ip-172-31-29-92 kernel: [    1.274629] thermal_sys: Registered thermal governor 'user_space'
May 23 19:41:31 ip-172-31-29-92 kernel: [    1.278623] thermal_sys: Registered thermal governor 'power_allocator'
May 23 19:41:31 ip-172-31-29-92 kernel: [    1.282654] EISA bus registered
May 23 19:41:31 ip-172-31-29-92 kernel: [    1.289874] cpuidle: using governor ladder
May 23 19:41:31 ip-172-31-29-92 kernel: [    1.290621] cpuidle: using governor menu
May 23 19:41:31 ip-172-31-29-92 kernel: [    1.294636] ACPI: bus type PCI registered
May 23 19:41:31 ip-172-31-29-92 kernel: [    1.298622] acpiphp: ACPI Hot Plug PCI Controller Driver version: 0.5
May 23 19:41:31 ip-172-31-29-92 kernel: [    1.303177] PCI: Using configuration type 1 for base access
May 23 19:41:31 ip-172-31-29-92 kernel: [    1.308022] kprobes: kprobe jump-optimization is enabled. All kprobes are optimized if possible.
May 23 19:41:31 ip-172-31-29-92 kernel: [    1.310777] HugeTLB registered 2.00 MiB page size, pre-allocated 0 pages
May 23 19:41:31 ip-172-31-29-92 kernel: [    1.315598] ACPI: Added _OSI(Module Device)
May 23 19:41:31 ip-172-31-29-92 kernel: [    1.318649] ACPI: Added _OSI(Processor Device)
May 23 19:41:31 ip-172-31-29-92 kernel: [    1.322653] ACPI: Added _OSI(3.0 _SCP Extensions)
May 23 19:41:31 ip-172-31-29-92 kernel: [    1.326635] ACPI: Added _OSI(Processor Aggregator Device)
May 23 19:41:31 ip-172-31-29-92 kernel: [    1.330634] ACPI: Added _OSI(Linux-Dell-Video)
May 23 19:41:31 ip-172-31-29-92 kernel: [    1.334619] ACPI: Added _OSI(Linux-Lenovo-NV-HDMI-Audio)
May 23 19:41:31 ip-172-31-29-92 kernel: [    1.338623] ACPI: Added _OSI(Linux-HPI-Hybrid-Graphics)
May 23 19:41:31 ip-172-31-29-92 kernel: [    1.348700] ACPI: 3 ACPI AML tables successfully acquired and loaded
May 23 19:41:31 ip-172-31-29-92 kernel: [    1.351424] xen: --> pirq=16 -> irq=9 (gsi=9)
May 23 19:41:31 ip-172-31-29-92 kernel: [    1.352693] ACPI: Interpreter enabled
May 23 19:41:31 ip-172-31-29-92 kernel: [    1.354634] ACPI: PM: (supports S0 S4 S5)
May 23 19:41:31 ip-172-31-29-92 kernel: [    1.358622] ACPI: Using IOAPIC for interrupt routing
May 23 19:41:31 ip-172-31-29-92 kernel: [    1.362663] PCI: Using host bridge windows from ACPI; if necessary, use "pci=nocrs" and report a bug
May 23 19:41:31 ip-172-31-29-92 kernel: [    1.366621] PCI: Using E820 reservations for host bridge windows
May 23 19:41:31 ip-172-31-29-92 kernel: [    1.371112] ACPI: Enabled 2 GPEs in block 00 to 0F
May 23 19:41:31 ip-172-31-29-92 kernel: [    1.404302] ACPI: PCI Root Bridge [PCI0] (domain 0000 [bus 00-ff])
May 23 19:41:31 ip-172-31-29-92 kernel: [    1.406632] acpi PNP0A03:00: _OSC: OS supports [ASPM ClockPM Segments MSI EDR HPX-Type3]
May 23 19:41:31 ip-172-31-29-92 kernel: [    1.410643] acpi PNP0A03:00: fail to add MMCONFIG information, can't access extended PCI configuration space under this bridge.
May 23 19:41:31 ip-172-31-29-92 kernel: [    1.416183] acpiphp: Slot [0] registered
May 23 19:41:31 ip-172-31-29-92 kernel: [    1.420471] acpiphp: Slot [3] registered
May 23 19:41:31 ip-172-31-29-92 kernel: [    1.423243] acpiphp: Slot [4] registered
May 23 19:41:31 ip-172-31-29-92 kernel: [    1.427280] acpiphp: Slot [5] registered
May 23 19:41:31 ip-172-31-29-92 kernel: [    1.431237] acpiphp: Slot [6] registered
May 23 19:41:31 ip-172-31-29-92 kernel: [    1.435259] acpiphp: Slot [7] registered
May 23 19:41:31 ip-172-31-29-92 kernel: [    1.439198] acpiphp: Slot [8] registered
May 23 19:41:31 ip-172-31-29-92 kernel: [    1.443252] acpiphp: Slot [9] registered
May 23 19:41:31 ip-172-31-29-92 kernel: [    1.447207] acpiphp: Slot [10] registered
May 23 19:41:31 ip-172-31-29-92 kernel: [    1.451316] acpiphp: Slot [11] registered
May 23 19:41:31 ip-172-31-29-92 kernel: [    1.455227] acpiphp: Slot [12] registered
May 23 19:41:31 ip-172-31-29-92 kernel: [    1.459327] acpiphp: Slot [13] registered
May 23 19:41:31 ip-172-31-29-92 kernel: [    1.463219] acpiphp: Slot [14] registered
May 23 19:41:31 ip-172-31-29-92 kernel: [    1.467237] acpiphp: Slot [15] registered
May 23 19:41:31 ip-172-31-29-92 kernel: [    1.471213] acpiphp: Slot [16] registered
May 23 19:41:31 ip-172-31-29-92 kernel: [    1.475295] acpiphp: Slot [17] registered
May 23 19:41:31 ip-172-31-29-92 kernel: [    1.479216] acpiphp: Slot [18] registered
May 23 19:41:31 ip-172-31-29-92 kernel: [    1.483210] acpiphp: Slot [19] registered
May 23 19:41:31 ip-172-31-29-92 kernel: [    1.487216] acpiphp: Slot [20] registered
May 23 19:41:31 ip-172-31-29-92 kernel: [    1.491294] acpiphp: Slot [21] registered
May 23 19:41:31 ip-172-31-29-92 kernel: [    1.495371] acpiphp: Slot [22] registered
May 23 19:41:31 ip-172-31-29-92 kernel: [    1.499256] acpiphp: Slot [23] registered
May 23 19:41:31 ip-172-31-29-92 kernel: [    1.503364] acpiphp: Slot [24] registered
May 23 19:41:31 ip-172-31-29-92 kernel: [    1.507005] acpiphp: Slot [25] registered
May 23 19:41:31 ip-172-31-29-92 kernel: [    1.510386] acpiphp: Slot [26] registered
May 23 19:41:31 ip-172-31-29-92 kernel: [    1.511051] acpiphp: Slot [27] registered
May 23 19:41:31 ip-172-31-29-92 kernel: [    1.514855] acpiphp: Slot [28] registered
May 23 19:41:31 ip-172-31-29-92 kernel: [    1.518565] acpiphp: Slot [29] registered
May 23 19:41:31 ip-172-31-29-92 kernel: [    1.519121] acpiphp: Slot [30] registered
May 23 19:41:31 ip-172-31-29-92 kernel: [    1.522789] acpiphp: Slot [31] registered
May 23 19:41:31 ip-172-31-29-92 kernel: [    1.526600] PCI host bridge to bus 0000:00
May 23 19:41:31 ip-172-31-29-92 kernel: [    1.526622] pci_bus 0000:00: root bus resource [bus 00-ff]
May 23 19:41:31 ip-172-31-29-92 kernel: [    1.530623] pci_bus 0000:00: root bus resource [io  0x0000-0x0cf7 window]
May 23 19:41:31 ip-172-31-29-92 kernel: [    1.534623] pci_bus 0000:00: root bus resource [io  0x0d00-0xffff window]
May 23 19:41:31 ip-172-31-29-92 kernel: [    1.538622] pci_bus 0000:00: root bus resource [mem 0x000a0000-0x000bffff window]
May 23 19:41:31 ip-172-31-29-92 kernel: [    1.542619] pci_bus 0000:00: root bus resource [mem 0xf0000000-0xfbffffff window]
May 23 19:41:31 ip-172-31-29-92 kernel: [    1.547667] pci 0000:00:00.0: [8086:1237] type 00 class 0x060000
May 23 19:41:31 ip-172-31-29-92 kernel: [    1.554680] pci 0000:00:01.0: [8086:7000] type 00 class 0x060100
May 23 19:41:31 ip-172-31-29-92 kernel: [    1.563122] pci 0000:00:01.1: [8086:7010] type 00 class 0x010180
May 23 19:41:31 ip-172-31-29-92 kernel: [    1.568949] pci 0000:00:01.1: reg 0x20: [io  0xc100-0xc10f]
May 23 19:41:31 ip-172-31-29-92 kernel: [    1.571589] pci 0000:00:01.1: legacy IDE quirk: reg 0x10: [io  0x01f0-0x01f7]
May 23 19:41:31 ip-172-31-29-92 kernel: [    1.574622] pci 0000:00:01.1: legacy IDE quirk: reg 0x14: [io  0x03f6]
May 23 19:41:31 ip-172-31-29-92 kernel: [    1.578623] pci 0000:00:01.1: legacy IDE quirk: reg 0x18: [io  0x0170-0x0177]
May 23 19:41:31 ip-172-31-29-92 kernel: [    1.582622] pci 0000:00:01.1: legacy IDE quirk: reg 0x1c: [io  0x0376]
May 23 19:41:31 ip-172-31-29-92 kernel: [    1.588291] * Found PM-Timer Bug on the chipset. Due to workarounds for a bug,
May 23 19:41:31 ip-172-31-29-92 kernel: [    1.588291] * this clock source is slow. Consider trying other clock sources
May 23 19:41:31 ip-172-31-29-92 kernel: [    1.590623] pci 0000:00:01.3: [8086:7113] type 00 class 0x068000
May 23 19:41:31 ip-172-31-29-92 kernel: [    1.597191] pci 0000:00:01.3: quirk: [io  0xb000-0xb03f] claimed by PIIX4 ACPI
May 23 19:41:31 ip-172-31-29-92 kernel: [    1.601132] pci 0000:00:02.0: [1013:00b8] type 00 class 0x030000
May 23 19:41:31 ip-172-31-29-92 kernel: [    1.603381] pci 0000:00:02.0: reg 0x10: [mem 0xf0000000-0xf1ffffff pref]
May 23 19:41:31 ip-172-31-29-92 kernel: [    1.607025] pci 0000:00:02.0: reg 0x14: [mem 0xf3000000-0xf3000fff]
May 23 19:41:31 ip-172-31-29-92 kernel: [    1.612952] pci 0000:00:02.0: Video device with shadowed ROM at [mem 0x000c0000-0x000dffff]
May 23 19:41:31 ip-172-31-29-92 kernel: [    1.616577] pci 0000:00:03.0: [5853:0001] type 00 class 0xff8000
May 23 19:41:31 ip-172-31-29-92 kernel: [    1.619507] pci 0000:00:03.0: reg 0x10: [io  0xc000-0xc0ff]
May 23 19:41:31 ip-172-31-29-92 kernel: [    1.623057] pci 0000:00:03.0: reg 0x14: [mem 0xf2000000-0xf2ffffff pref]
May 23 19:41:31 ip-172-31-29-92 kernel: [    1.637823] ACPI: PCI: Interrupt link LNKA configured for IRQ 5
May 23 19:41:31 ip-172-31-29-92 kernel: [    1.638955] ACPI: PCI: Interrupt link LNKB configured for IRQ 10
May 23 19:41:31 ip-172-31-29-92 kernel: [    1.643004] ACPI: PCI: Interrupt link LNKC configured for IRQ 11
May 23 19:41:31 ip-172-31-29-92 kernel: [    1.646988] ACPI: PCI: Interrupt link LNKD configured for IRQ 5
May 23 19:41:31 ip-172-31-29-92 kernel: [    1.662550] xen:balloon: Initialising balloon driver
May 23 19:41:31 ip-172-31-29-92 kernel: [    1.662737] iommu: Default domain type: Translated 
May 23 19:41:31 ip-172-31-29-92 kernel: [    1.666620] iommu: DMA domain TLB invalidation policy: lazy mode 
May 23 19:41:31 ip-172-31-29-92 kernel: [    1.670833] SCSI subsystem initialized
May 23 19:41:31 ip-172-31-29-92 kernel: [    1.674669] libata version 3.00 loaded.
May 23 19:41:31 ip-172-31-29-92 kernel: [    1.674771] pci 0000:00:02.0: vgaarb: setting as boot VGA device
May 23 19:41:31 ip-172-31-29-92 kernel: [    1.678613] pci 0000:00:02.0: vgaarb: VGA device added: decodes=io+mem,owns=io+mem,locks=none
May 23 19:41:31 ip-172-31-29-92 kernel: [    1.678635] pci 0000:00:02.0: vgaarb: bridge control possible
May 23 19:41:31 ip-172-31-29-92 kernel: [    1.682622] vgaarb: loaded
May 23 19:41:31 ip-172-31-29-92 kernel: [    1.685946] ACPI: bus type USB registered
May 23 19:41:31 ip-172-31-29-92 kernel: [    1.686643] usbcore: registered new interface driver usbfs
May 23 19:41:31 ip-172-31-29-92 kernel: [    1.690627] usbcore: registered new interface driver hub
May 23 19:41:31 ip-172-31-29-92 kernel: [    1.694638] usbcore: registered new device driver usb
May 23 19:41:31 ip-172-31-29-92 kernel: [    1.698652] pps_core: LinuxPPS API ver. 1 registered
May 23 19:41:31 ip-172-31-29-92 kernel: [    1.702621] pps_core: Software ver. 5.3.6 - Copyright 2005-2007 Rodolfo Giometti <giometti@linux.it>
May 23 19:41:31 ip-172-31-29-92 kernel: [    1.706627] PTP clock support registered
May 23 19:41:31 ip-172-31-29-92 kernel: [    1.710721] EDAC MC: Ver: 3.0.0
May 23 19:41:31 ip-172-31-29-92 kernel: [    1.715768] NetLabel: Initializing
May 23 19:41:31 ip-172-31-29-92 kernel: [    1.718621] NetLabel:  domain hash size = 128
May 23 19:41:31 ip-172-31-29-92 kernel: [    1.722619] NetLabel:  protocols = UNLABELED CIPSOv4 CALIPSO
May 23 19:41:31 ip-172-31-29-92 kernel: [    1.726654] NetLabel:  unlabeled traffic allowed by default
May 23 19:41:31 ip-172-31-29-92 kernel: [    1.730686] PCI: Using ACPI for IRQ routing
May 23 19:41:31 ip-172-31-29-92 kernel: [    1.734622] PCI: pci_cache_line_size set to 64 bytes
May 23 19:41:31 ip-172-31-29-92 kernel: [    1.735486] e820: reserve RAM buffer [mem 0x0009e000-0x0009ffff]
May 23 19:41:31 ip-172-31-29-92 kernel: [    1.736883] hpet: 3 channels of 0 reserved for per-cpu timers
May 23 19:41:31 ip-172-31-29-92 kernel: [    1.738628] hpet0: at MMIO 0xfed00000, IRQs 2, 8, 0
May 23 19:41:31 ip-172-31-29-92 kernel: [    1.742621] hpet0: 3 comparators, 64-bit 62.500000 MHz counter
May 23 19:41:31 ip-172-31-29-92 kernel: [    1.748719] clocksource: Switched to clocksource xen
May 23 19:41:31 ip-172-31-29-92 kernel: [    1.763329] VFS: Disk quotas dquot_6.6.0
May 23 19:41:31 ip-172-31-29-92 kernel: [    1.773924] VFS: Dquot-cache hash table entries: 512 (order 0, 4096 bytes)
May 23 19:41:31 ip-172-31-29-92 kernel: [    1.781686] AppArmor: AppArmor Filesystem Enabled
May 23 19:41:31 ip-172-31-29-92 kernel: [    1.786698] pnp: PnP ACPI init
May 23 19:41:31 ip-172-31-29-92 kernel: [    1.790371] system 00:00: [mem 0x00000000-0x0009ffff] could not be reserved
May 23 19:41:31 ip-172-31-29-92 kernel: [    1.797486] system 00:01: [io  0x08a0-0x08a3] has been reserved
May 23 19:41:31 ip-172-31-29-92 kernel: [    1.803589] system 00:01: [io  0x0cc0-0x0ccf] has been reserved
May 23 19:41:31 ip-172-31-29-92 kernel: [    1.809535] system 00:01: [io  0x04d0-0x04d1] has been reserved
May 23 19:41:31 ip-172-31-29-92 kernel: [    1.815733] xen: --> pirq=17 -> irq=8 (gsi=8)
May 23 19:41:31 ip-172-31-29-92 kernel: [    1.815789] xen: --> pirq=18 -> irq=12 (gsi=12)
May 23 19:41:31 ip-172-31-29-92 kernel: [    1.815833] xen: --> pirq=19 -> irq=1 (gsi=1)
May 23 19:41:31 ip-172-31-29-92 kernel: [    1.815879] xen: --> pirq=20 -> irq=6 (gsi=6)
May 23 19:41:31 ip-172-31-29-92 kernel: [    1.815882] pnp 00:05: [dma 2]
May 23 19:41:31 ip-172-31-29-92 kernel: [    1.815933] xen: --> pirq=21 -> irq=4 (gsi=4)
May 23 19:41:31 ip-172-31-29-92 kernel: [    1.816030] system 00:07: [io  0x10c0-0x1141] has been reserved
May 23 19:41:31 ip-172-31-29-92 kernel: [    1.822183] system 00:07: [io  0xb044-0xb047] has been reserved
May 23 19:41:31 ip-172-31-29-92 kernel: [    1.842853] pnp: PnP ACPI: found 8 devices
May 23 19:41:31 ip-172-31-29-92 kernel: [    1.853198] clocksource: acpi_pm: mask: 0xffffff max_cycles: 0xffffff, max_idle_ns: 2085701024 ns
May 23 19:41:31 ip-172-31-29-92 kernel: [    1.863133] NET: Registered PF_INET protocol family
May 23 19:41:31 ip-172-31-29-92 kernel: [    1.868564] IP idents hash table entries: 16384 (order: 5, 131072 bytes, linear)
May 23 19:41:31 ip-172-31-29-92 kernel: [    1.876306] tcp_listen_portaddr_hash hash table entries: 512 (order: 1, 8192 bytes, linear)
May 23 19:41:31 ip-172-31-29-92 kernel: [    1.884938] Table-perturb hash table entries: 65536 (order: 6, 262144 bytes, linear)
May 23 19:41:31 ip-172-31-29-92 kernel: [    1.892925] TCP established hash table entries: 8192 (order: 4, 65536 bytes, linear)
May 23 19:41:31 ip-172-31-29-92 kernel: [    1.900918] TCP bind hash table entries: 8192 (order: 5, 131072 bytes, linear)
May 23 19:41:31 ip-172-31-29-92 kernel: [    1.908373] TCP: Hash tables configured (established 8192 bind 8192)
May 23 19:41:31 ip-172-31-29-92 kernel: [    1.915343] MPTCP token hash table entries: 1024 (order: 2, 24576 bytes, linear)
May 23 19:41:31 ip-172-31-29-92 kernel: [    2.119418] UDP hash table entries: 512 (order: 2, 16384 bytes, linear)
May 23 19:41:31 ip-172-31-29-92 kernel: [    2.126210] UDP-Lite hash table entries: 512 (order: 2, 16384 bytes, linear)
May 23 19:41:31 ip-172-31-29-92 kernel: [    2.134597] NET: Registered PF_UNIX/PF_LOCAL protocol family
May 23 19:41:31 ip-172-31-29-92 kernel: [    2.141647] NET: Registered PF_XDP protocol family
May 23 19:41:31 ip-172-31-29-92 kernel: [    2.147493] pci_bus 0000:00: resource 4 [io  0x0000-0x0cf7 window]
May 23 19:41:31 ip-172-31-29-92 kernel: [    2.154592] pci_bus 0000:00: resource 5 [io  0x0d00-0xffff window]
May 23 19:41:31 ip-172-31-29-92 kernel: [    2.162008] pci_bus 0000:00: resource 6 [mem 0x000a0000-0x000bffff window]
May 23 19:41:31 ip-172-31-29-92 kernel: [    2.170152] pci_bus 0000:00: resource 7 [mem 0xf0000000-0xfbffffff window]
May 23 19:41:31 ip-172-31-29-92 kernel: [    2.177951] pci 0000:00:01.0: PIIX3: Enabling Passive Release
May 23 19:41:31 ip-172-31-29-92 kernel: [    2.183401] pci 0000:00:00.0: Limiting direct PCI/PCI transfers
May 23 19:41:31 ip-172-31-29-92 kernel: [    2.189541] pci 0000:00:01.0: Activating ISA DMA hang workarounds
May 23 19:41:31 ip-172-31-29-92 kernel: [    2.195297] PCI: CLS 0 bytes, default 64
May 23 19:41:31 ip-172-31-29-92 kernel: [    2.199212] Trying to unpack rootfs image as initramfs...
May 23 19:41:31 ip-172-31-29-92 kernel: [    2.204156] clocksource: tsc: mask: 0xffffffffffffffff max_cycles: 0x229840d1729, max_idle_ns: 440795276167 ns
May 23 19:41:31 ip-172-31-29-92 kernel: [    2.216720] Freeing initrd memory: 6776K
May 23 19:41:31 ip-172-31-29-92 kernel: [    2.221790] Initialise system trusted keyrings
May 23 19:41:31 ip-172-31-29-92 kernel: [    2.226770] Key type blacklist registered
May 23 19:41:31 ip-172-31-29-92 kernel: [    2.230980] workingset: timestamp_bits=36 max_order=18 bucket_order=0
May 23 19:41:31 ip-172-31-29-92 kernel: [    2.238555] zbud: loaded
May 23 19:41:31 ip-172-31-29-92 kernel: [    2.242166] squashfs: version 4.0 (2009/01/31) Phillip Lougher
May 23 19:41:31 ip-172-31-29-92 kernel: [    2.250939] fuse: init (API version 7.34)
May 23 19:41:31 ip-172-31-29-92 kernel: [    2.255394] integrity: Platform Keyring initialized
May 23 19:41:31 ip-172-31-29-92 kernel: [    2.272175] Key type asymmetric registered
May 23 19:41:31 ip-172-31-29-92 kernel: [    2.278192] Asymmetric key parser 'x509' registered
May 23 19:41:31 ip-172-31-29-92 kernel: [    2.283031] Block layer SCSI generic (bsg) driver version 0.4 loaded (major 243)
May 23 19:41:31 ip-172-31-29-92 kernel: [    2.289921] io scheduler mq-deadline registered
May 23 19:41:31 ip-172-31-29-92 kernel: [    2.294409] shpchp: Standard Hot Plug PCI Controller Driver version: 0.4
May 23 19:41:31 ip-172-31-29-92 kernel: [    2.300980] input: Power Button as /devices/LNXSYSTM:00/LNXPWRBN:00/input/input0
May 23 19:41:31 ip-172-31-29-92 kernel: [    2.309186] ACPI: button: Power Button [PWRF]
May 23 19:41:31 ip-172-31-29-92 kernel: [    2.314293] input: Sleep Button as /devices/LNXSYSTM:00/LNXSLPBN:00/input/input1
May 23 19:41:31 ip-172-31-29-92 kernel: [    2.323215] ACPI: button: Sleep Button [SLPF]
May 23 19:41:31 ip-172-31-29-92 kernel: [    2.334586] xen: --> pirq=22 -> irq=28 (gsi=28)
May 23 19:41:31 ip-172-31-29-92 kernel: [    2.334796] xen:grant_table: Grant tables using version 1 layout
May 23 19:41:31 ip-172-31-29-92 kernel: [    2.341287] Grant table initialized
May 23 19:41:31 ip-172-31-29-92 kernel: [    2.345252] Cannot get hvm parameter CONSOLE_EVTCHN (18): -22!
May 23 19:41:31 ip-172-31-29-92 kernel: [    2.350842] Serial: 8250/16550 driver, 4 ports, IRQ sharing enabled
May 23 19:41:31 ip-172-31-29-92 kernel: [    2.396408] 00:06: ttyS0 at I/O 0x3f8 (irq = 4, base_baud = 115200) is a 16550A
May 23 19:41:31 ip-172-31-29-92 kernel: [    2.421111] Linux agpgart interface v0.103
May 23 19:41:31 ip-172-31-29-92 kernel: [    2.427487] loop: module loaded
May 23 19:41:31 ip-172-31-29-92 kernel: [    2.431078] Invalid max_queues (4), will use default max: 1.
May 23 19:41:31 ip-172-31-29-92 kernel: [    2.437393] ata_piix 0000:00:01.1: version 2.13
May 23 19:41:31 ip-172-31-29-92 kernel: [    2.439248] scsi host0: ata_piix
May 23 19:41:31 ip-172-31-29-92 kernel: [    2.443598] scsi host1: ata_piix
May 23 19:41:31 ip-172-31-29-92 kernel: [    2.448220] ata1: PATA max MWDMA2 cmd 0x1f0 ctl 0x3f6 bmdma 0xc100 irq 14
May 23 19:41:31 ip-172-31-29-92 kernel: [    2.456301] ata2: PATA max MWDMA2 cmd 0x170 ctl 0x376 bmdma 0xc108 irq 15
May 23 19:41:31 ip-172-31-29-92 kernel: [    2.467929] tun: Universal TUN/TAP device driver, 1.6
May 23 19:41:31 ip-172-31-29-92 kernel: [    2.475661] PPP generic driver version 2.4.2
May 23 19:41:31 ip-172-31-29-92 kernel: [    2.481229] xen_netfront: Initialising Xen virtual ethernet driver
May 23 19:41:31 ip-172-31-29-92 kernel: [    2.491578] VFIO - User Level meta-driver version: 0.3
May 23 19:41:31 ip-172-31-29-92 kernel: [    2.496908] ehci_hcd: USB 2.0 'Enhanced' Host Controller (EHCI) Driver
May 23 19:41:31 ip-172-31-29-92 kernel: [    2.502867] ehci-pci: EHCI PCI platform driver
May 23 19:41:31 ip-172-31-29-92 kernel: [    2.507294] ehci-platform: EHCI generic platform driver
May 23 19:41:31 ip-172-31-29-92 kernel: [    2.512286] ohci_hcd: USB 1.1 'Open' Host Controller (OHCI) Driver
May 23 19:41:31 ip-172-31-29-92 kernel: [    2.517955] ohci-pci: OHCI PCI platform driver
May 23 19:41:31 ip-172-31-29-92 kernel: [    2.522070] ohci-platform: OHCI generic platform driver
May 23 19:41:31 ip-172-31-29-92 kernel: [    2.526196] uhci_hcd: USB Universal Host Controller Interface driver
May 23 19:41:31 ip-172-31-29-92 kernel: [    2.531910] blkfront: xvda: barrier or flush: disabled; persistent grants: disabled; indirect descriptors: enabled; bounce buffer: disabled;
May 23 19:41:31 ip-172-31-29-92 kernel: [    2.545335] i8042: PNP: PS/2 Controller [PNP0303:PS2K,PNP0f13:PS2M] at 0x60,0x64 irq 1,12
May 23 19:41:31 ip-172-31-29-92 kernel: [    2.559543] serio: i8042 KBD port at 0x60,0x64 irq 1
May 23 19:41:31 ip-172-31-29-92 kernel: [    2.565950] serio: i8042 AUX port at 0x60,0x64 irq 12
May 23 19:41:31 ip-172-31-29-92 kernel: [    2.573391] mousedev: PS/2 mouse device common for all mice
May 23 19:41:31 ip-172-31-29-92 kernel: [    2.582729] input: AT Translated Set 2 keyboard as /devices/platform/i8042/serio0/input/input2
May 23 19:41:31 ip-172-31-29-92 kernel: [    2.594991] rtc_cmos 00:02: registered as rtc0
May 23 19:41:31 ip-172-31-29-92 kernel: [    2.601261] rtc_cmos 00:02: setting system clock to 2023-05-23T19:41:16 UTC (1684870876)
May 23 19:41:31 ip-172-31-29-92 kernel: [    2.613028] rtc_cmos 00:02: alarms up to one day, 114 bytes nvram, hpet irqs
May 23 19:41:31 ip-172-31-29-92 kernel: [    2.621655] i2c_dev: i2c /dev entries driver
May 23 19:41:31 ip-172-31-29-92 kernel: [    2.629073] device-mapper: core: CONFIG_IMA_DISABLE_HTABLE is disabled. Duplicate IMA measurements will not be recorded in the IMA log.
May 23 19:41:31 ip-172-31-29-92 kernel: [    2.644066] device-mapper: uevent: version 1.0.3
May 23 19:41:31 ip-172-31-29-92 kernel: [    2.650561] device-mapper: ioctl: 4.45.0-ioctl (2021-03-22) initialised: dm-devel@redhat.com
May 23 19:41:31 ip-172-31-29-92 kernel: [    2.660775] platform eisa.0: Probing EISA bus 0
May 23 19:41:31 ip-172-31-29-92 kernel: [    2.667314] platform eisa.0: EISA: Cannot allocate resource for mainboard
May 23 19:41:31 ip-172-31-29-92 kernel: [    2.676689] platform eisa.0: Cannot allocate resource for EISA slot 1
May 23 19:41:31 ip-172-31-29-92 kernel: [    2.684638] platform eisa.0: Cannot allocate resource for EISA slot 2
May 23 19:41:31 ip-172-31-29-92 kernel: [    2.692446]  xvda: xvda1 xvda14 xvda15
May 23 19:41:31 ip-172-31-29-92 kernel: [    2.697287] platform eisa.0: Cannot allocate resource for EISA slot 3
May 23 19:41:31 ip-172-31-29-92 kernel: [    2.705209] platform eisa.0: Cannot allocate resource for EISA slot 4
May 23 19:41:31 ip-172-31-29-92 kernel: [    2.712764] platform eisa.0: Cannot allocate resource for EISA slot 5
May 23 19:41:31 ip-172-31-29-92 kernel: [    2.719734] platform eisa.0: Cannot allocate resource for EISA slot 6
May 23 19:41:31 ip-172-31-29-92 kernel: [    2.725411] platform eisa.0: Cannot allocate resource for EISA slot 7
May 23 19:41:31 ip-172-31-29-92 kernel: [    2.732271] platform eisa.0: Cannot allocate resource for EISA slot 8
May 23 19:41:31 ip-172-31-29-92 kernel: [    2.737951] platform eisa.0: EISA: Detected 0 cards
May 23 19:41:31 ip-172-31-29-92 kernel: [    2.742471] intel_pstate: CPU model not supported
May 23 19:41:31 ip-172-31-29-92 kernel: [    2.746704] ledtrig-cpu: registered to indicate activity on CPUs
May 23 19:41:31 ip-172-31-29-92 kernel: [    2.752489] drop_monitor: Initializing network drop monitor service
May 23 19:41:31 ip-172-31-29-92 kernel: [    2.758592] NET: Registered PF_INET6 protocol family
May 23 19:41:31 ip-172-31-29-92 kernel: [    2.764227] Segment Routing with IPv6
May 23 19:41:31 ip-172-31-29-92 kernel: [    2.768401] In-situ OAM (IOAM) with IPv6
May 23 19:41:31 ip-172-31-29-92 kernel: [    2.773918] NET: Registered PF_PACKET protocol family
May 23 19:41:31 ip-172-31-29-92 kernel: [    2.780106] Key type dns_resolver registered
May 23 19:41:31 ip-172-31-29-92 kernel: [    2.785324] resctrl: L3 allocation detected
May 23 19:41:31 ip-172-31-29-92 kernel: [    2.789861] IPI shorthand broadcast: enabled
May 23 19:41:31 ip-172-31-29-92 kernel: [    2.794406] sched_clock: Marking stable (2017294348, 777059520)->(3081828678, -287474810)
May 23 19:41:31 ip-172-31-29-92 kernel: [    2.802100] registered taskstats version 1
May 23 19:41:31 ip-172-31-29-92 kernel: [    2.806327] Loading compiled-in X.509 certificates
May 23 19:41:31 ip-172-31-29-92 kernel: [    2.811768] Loaded X.509 cert 'Build time autogenerated kernel key: 3cf7b6f53c4c48887b27005547faa6a286eda426'
May 23 19:41:31 ip-172-31-29-92 kernel: [    2.821802] Loaded X.509 cert 'Canonical Ltd. Live Patch Signing: 14df34d1a87cf37625abec039ef2bf521249b969'
May 23 19:41:31 ip-172-31-29-92 kernel: [    2.830978] Loaded X.509 cert 'Canonical Ltd. Kernel Module Signing: 88f752e560a1e0737e31163a466ad7b70a850c19'
May 23 19:41:31 ip-172-31-29-92 kernel: [    2.839833] blacklist: Loading compiled-in revocation X.509 certificates
May 23 19:41:31 ip-172-31-29-92 kernel: [    2.845472] Loaded X.509 cert 'Canonical Ltd. Secure Boot Signing: 61482aa2830d0ab2ad5af10b7250da9033ddcef0'
May 23 19:41:31 ip-172-31-29-92 kernel: [    2.854680] Loaded X.509 cert 'Canonical Ltd. Secure Boot Signing (2017): 242ade75ac4a15e50d50c84b0d45ff3eae707a03'
May 23 19:41:31 ip-172-31-29-92 kernel: [    2.863474] Loaded X.509 cert 'Canonical Ltd. Secure Boot Signing (ESM 2018): 365188c1d374d6b07c3c8f240f8ef722433d6a8b'
May 23 19:41:31 ip-172-31-29-92 kernel: [    2.873194] Loaded X.509 cert 'Canonical Ltd. Secure Boot Signing (2019): c0746fd6c5da3ae827864651ad66ae47fe24b3e8'
May 23 19:41:31 ip-172-31-29-92 kernel: [    2.883027] Loaded X.509 cert 'Canonical Ltd. Secure Boot Signing (2021 v1): a8d54bbb3825cfb94fa13c9f8a594a195c107b8d'
May 23 19:41:31 ip-172-31-29-92 kernel: [    2.892578] Loaded X.509 cert 'Canonical Ltd. Secure Boot Signing (2021 v2): 4cf046892d6fd3c9a5b03f98d845f90851dc6a8c'
May 23 19:41:31 ip-172-31-29-92 kernel: [    2.902181] Loaded X.509 cert 'Canonical Ltd. Secure Boot Signing (2021 v3): 100437bb6de6e469b581e61cd66bce3ef4ed53af'
May 23 19:41:31 ip-172-31-29-92 kernel: [    2.911619] Loaded X.509 cert 'Canonical Ltd. Secure Boot Signing (Ubuntu Core 2019): c1d57b8f6b743f23ee41f4f7ee292f06eecadfb9'
May 23 19:41:31 ip-172-31-29-92 kernel: [    2.923315] zswap: loaded using pool lzo/zbud
May 23 19:41:31 ip-172-31-29-92 kernel: [    2.928266] Key type .fscrypt registered
May 23 19:41:31 ip-172-31-29-92 kernel: [    2.933185] Key type fscrypt-provisioning registered
May 23 19:41:31 ip-172-31-29-92 kernel: [    2.938862] Key type encrypted registered
May 23 19:41:31 ip-172-31-29-92 kernel: [    2.943133] AppArmor: AppArmor sha1 policy hashing enabled
May 23 19:41:31 ip-172-31-29-92 kernel: [    2.948477] ima: No TPM chip found, activating TPM-bypass!
May 23 19:41:31 ip-172-31-29-92 kernel: [    2.954065] Loading compiled-in module X.509 certificates
May 23 19:41:31 ip-172-31-29-92 kernel: [    2.960321] Loaded X.509 cert 'Build time autogenerated kernel key: 3cf7b6f53c4c48887b27005547faa6a286eda426'
May 23 19:41:31 ip-172-31-29-92 kernel: [    2.969349] ima: Allocated hash algorithm: sha1
May 23 19:41:31 ip-172-31-29-92 kernel: [    2.973756] ima: No architecture policies found
May 23 19:41:31 ip-172-31-29-92 kernel: [    2.978332] evm: Initialising EVM extended attributes:
May 23 19:41:31 ip-172-31-29-92 kernel: [    2.983212] evm: security.selinux
May 23 19:41:31 ip-172-31-29-92 kernel: [    2.986902] evm: security.SMACK64
May 23 19:41:31 ip-172-31-29-92 kernel: [    2.990493] evm: security.SMACK64EXEC
May 23 19:41:31 ip-172-31-29-92 kernel: [    2.994352] evm: security.SMACK64TRANSMUTE
May 23 19:41:31 ip-172-31-29-92 kernel: [    2.998563] evm: security.SMACK64MMAP
May 23 19:41:31 ip-172-31-29-92 kernel: [    3.002354] evm: security.apparmor
May 23 19:41:31 ip-172-31-29-92 kernel: [    3.005798] evm: security.ima
May 23 19:41:31 ip-172-31-29-92 kernel: [    3.008999] evm: security.capability
May 23 19:41:31 ip-172-31-29-92 kernel: [    3.012543] evm: HMAC attrs: 0x1
May 23 19:41:31 ip-172-31-29-92 kernel: [    3.016293] PM:   Magic number: 7:870:698
May 23 19:41:31 ip-172-31-29-92 kernel: [    3.020520] acpi LNXCPU:0c: hash matches
May 23 19:41:31 ip-172-31-29-92 kernel: [    3.024712] RAS: Correctable Errors collector initialized.
May 23 19:41:31 ip-172-31-29-92 kernel: [    3.031157] md: Waiting for all devices to be available before autodetect
May 23 19:41:31 ip-172-31-29-92 kernel: [    3.037395] md: If you don't use raid, use raid=noautodetect
May 23 19:41:31 ip-172-31-29-92 kernel: [    3.042859] md: Autodetecting RAID arrays.
May 23 19:41:31 ip-172-31-29-92 kernel: [    3.047147] md: autorun ...
May 23 19:41:31 ip-172-31-29-92 kernel: [    3.050215] md: ... autorun DONE.
May 23 19:41:31 ip-172-31-29-92 kernel: [    3.085637] EXT4-fs (xvda1): mounted filesystem with ordered data mode. Opts: (null). Quota mode: none.
May 23 19:41:31 ip-172-31-29-92 kernel: [    3.098141] VFS: Mounted root (ext4 filesystem) readonly on device 202:1.
May 23 19:41:31 ip-172-31-29-92 kernel: [    3.107961] devtmpfs: mounted
May 23 19:41:31 ip-172-31-29-92 kernel: [    3.113340] Freeing unused decrypted memory: 2036K
May 23 19:41:31 ip-172-31-29-92 kernel: [    3.120878] Freeing unused kernel image (initmem) memory: 3244K
May 23 19:41:31 ip-172-31-29-92 kernel: [    3.130638] Write protecting the kernel read-only data: 30720k
May 23 19:41:31 ip-172-31-29-92 kernel: [    3.138426] Freeing unused kernel image (text/rodata gap) memory: 2036K
May 23 19:41:31 ip-172-31-29-92 kernel: [    3.146424] Freeing unused kernel image (rodata/data gap) memory: 1416K
May 23 19:41:31 ip-172-31-29-92 kernel: [    3.205664] x86/mm: Checked W+X mappings: passed, no W+X pages found.
May 23 19:41:31 ip-172-31-29-92 kernel: [    3.213676] x86/mm: Checking user space page tables
May 23 19:41:31 ip-172-31-29-92 kernel: [    3.269928] x86/mm: Checked W+X mappings: passed, no W+X pages found.
May 23 19:41:31 ip-172-31-29-92 kernel: [    3.278017] Run /sbin/init as init process
May 23 19:41:31 ip-172-31-29-92 kernel: [    3.283242]   with arguments:
May 23 19:41:31 ip-172-31-29-92 kernel: [    3.283244]     /sbin/init
May 23 19:41:31 ip-172-31-29-92 kernel: [    3.283245]   with environment:
May 23 19:41:31 ip-172-31-29-92 kernel: [    3.283246]     HOME=/
May 23 19:41:31 ip-172-31-29-92 kernel: [    3.283247]     TERM=linux
May 23 19:41:31 ip-172-31-29-92 kernel: [    3.283248]     BOOT_IMAGE=/boot/vmlinuz-5.15.0-1036-aws
May 23 19:41:31 ip-172-31-29-92 kernel: [    5.706654] EXT4-fs (xvda1): re-mounted. Opts: discard. Quota mode: none.
May 23 19:41:31 ip-172-31-29-92 kernel: [    6.766132] FDC 0 is a S82078B
May 23 19:41:31 ip-172-31-29-92 kernel: [    7.033637] cryptd: max_cpu_qlen set to 1000
May 23 19:41:31 ip-172-31-29-92 kernel: [    7.080558] AVX2 version of gcm_enc/dec engaged.
May 23 19:41:31 ip-172-31-29-92 kernel: [    7.080581] AES CTR mode by8 optimization enabled
May 23 19:41:31 ip-172-31-29-92 kernel: [    8.048316] alua: device handler registered
May 23 19:41:31 ip-172-31-29-92 kernel: [    8.050158] emc: device handler registered
May 23 19:41:31 ip-172-31-29-92 kernel: [    8.052653] rdac: device handler registered
May 23 19:41:31 ip-172-31-29-92 kernel: [    8.100313] input: ImExPS/2 Generic Explorer Mouse as /devices/platform/i8042/serio1/input/input4
May 23 19:41:31 ip-172-31-29-92 kernel: [    8.293667] loop0: detected capacity change from 0 to 49944
May 23 19:41:31 ip-172-31-29-92 kernel: [    8.330187] loop1: detected capacity change from 0 to 113944
May 23 19:41:31 ip-172-31-29-92 kernel: [    8.331116] loop2: detected capacity change from 0 to 188072
May 23 19:41:31 ip-172-31-29-92 kernel: [    8.331778] loop3: detected capacity change from 0 to 129952
May 23 19:41:31 ip-172-31-29-92 kernel: [    8.367345] loop4: detected capacity change from 0 to 109032
May 23 19:41:31 ip-172-31-29-92 kernel: [    9.067855] audit: type=1400 audit(1684870882.964:2): apparmor="STATUS" operation="profile_load" profile="unconfined" name="/usr/lib/snapd/snap-confine" pid=341 comm="apparmor_parser"
May 23 19:41:31 ip-172-31-29-92 kernel: [    9.068942] audit: type=1400 audit(1684870882.964:3): apparmor="STATUS" operation="profile_load" profile="unconfined" name="/usr/lib/snapd/snap-confine//mount-namespace-capture-helper" pid=341 comm="apparmor_parser"
May 23 19:41:31 ip-172-31-29-92 kernel: [    9.179970] audit: type=1400 audit(1684870883.076:4): apparmor="STATUS" operation="profile_load" profile="unconfined" name="/usr/sbin/tcpdump" pid=343 comm="apparmor_parser"
May 23 19:41:31 ip-172-31-29-92 kernel: [    9.346595] audit: type=1400 audit(1684870883.240:5): apparmor="STATUS" operation="profile_load" profile="unconfined" name="/usr/lib/NetworkManager/nm-dhcp-client.action" pid=344 comm="apparmor_parser"
May 23 19:41:31 ip-172-31-29-92 kernel: [    9.348302] audit: type=1400 audit(1684870883.244:6): apparmor="STATUS" operation="profile_load" profile="unconfined" name="/usr/lib/NetworkManager/nm-dhcp-helper" pid=344 comm="apparmor_parser"
May 23 19:41:31 ip-172-31-29-92 kernel: [    9.349805] audit: type=1400 audit(1684870883.244:7): apparmor="STATUS" operation="profile_load" profile="unconfined" name="/usr/lib/connman/scripts/dhclient-script" pid=344 comm="apparmor_parser"
May 23 19:41:31 ip-172-31-29-92 kernel: [    9.353164] audit: type=1400 audit(1684870883.248:8): apparmor="STATUS" operation="profile_load" profile="unconfined" name="/{,usr/}sbin/dhclient" pid=344 comm="apparmor_parser"
May 23 19:41:31 ip-172-31-29-92 kernel: [    9.393783] audit: type=1400 audit(1684870883.288:9): apparmor="STATUS" operation="profile_load" profile="unconfined" name="lsb_release" pid=345 comm="apparmor_parser"
May 23 19:41:31 ip-172-31-29-92 kernel: [    9.439234] audit: type=1400 audit(1684870883.336:10): apparmor="STATUS" operation="profile_load" profile="unconfined" name="nvidia_modprobe" pid=346 comm="apparmor_parser"
May 23 19:41:31 ip-172-31-29-92 kernel: [    9.440690] audit: type=1400 audit(1684870883.336:11): apparmor="STATUS" operation="profile_load" profile="unconfined" name="nvidia_modprobe//kmod" pid=346 comm="apparmor_parser"
May 23 19:41:33 ip-172-31-29-92 kernel: [   19.438239] loop5: detected capacity change from 0 to 8
May 24 21:12:34 lastserver kernel: [    0.000000] Linux version 5.15.0-1036-aws (buildd@lcy02-amd64-077) (gcc (Ubuntu 9.4.0-1ubuntu1~20.04.1) 9.4.0, GNU ld (GNU Binutils for Ubuntu) 2.34) #40~20.04.1-Ubuntu SMP Mon Apr 24 00:21:13 UTC 2023 (Ubuntu 5.15.0-1036.40~20.04.1-aws 5.15.98)
May 24 21:12:34 lastserver kernel: [    0.000000] Command line: BOOT_IMAGE=/boot/vmlinuz-5.15.0-1036-aws root=PARTUUID=649d63cb-5b71-44b7-8495-2466cb37066f ro console=tty1 console=ttyS0 nvme_core.io_timeout=4294967295 panic=-1
May 24 21:12:34 lastserver kernel: [    0.000000] KERNEL supported cpus:
May 24 21:12:34 lastserver kernel: [    0.000000]   Intel GenuineIntel
May 24 21:12:34 lastserver kernel: [    0.000000]   AMD AuthenticAMD
May 24 21:12:34 lastserver kernel: [    0.000000]   Hygon HygonGenuine
May 24 21:12:34 lastserver kernel: [    0.000000]   Centaur CentaurHauls
May 24 21:12:34 lastserver kernel: [    0.000000]   zhaoxin   Shanghai  
May 24 21:12:34 lastserver kernel: [    0.000000] x86/fpu: Supporting XSAVE feature 0x001: 'x87 floating point registers'
May 24 21:12:34 lastserver kernel: [    0.000000] x86/fpu: Supporting XSAVE feature 0x002: 'SSE registers'
May 24 21:12:34 lastserver kernel: [    0.000000] x86/fpu: Supporting XSAVE feature 0x004: 'AVX registers'
May 24 21:12:34 lastserver kernel: [    0.000000] x86/fpu: xstate_offset[2]:  576, xstate_sizes[2]:  256
May 24 21:12:34 lastserver kernel: [    0.000000] x86/fpu: Enabled xstate features 0x7, context size is 832 bytes, using 'standard' format.
May 24 21:12:34 lastserver kernel: [    0.000000] signal: max sigframe size: 1776
May 24 21:12:34 lastserver kernel: [    0.000000] BIOS-provided physical RAM map:
May 24 21:12:34 lastserver kernel: [    0.000000] BIOS-e820: [mem 0x0000000000000000-0x000000000009dfff] usable
May 24 21:12:34 lastserver kernel: [    0.000000] BIOS-e820: [mem 0x000000000009e000-0x000000000009ffff] reserved
May 24 21:12:34 lastserver kernel: [    0.000000] BIOS-e820: [mem 0x00000000000e0000-0x00000000000fffff] reserved
May 24 21:12:34 lastserver kernel: [    0.000000] BIOS-e820: [mem 0x0000000000100000-0x000000003fffffff] usable
May 24 21:12:34 lastserver kernel: [    0.000000] BIOS-e820: [mem 0x00000000fc000000-0x00000000ffffffff] reserved
May 24 21:12:34 lastserver kernel: [    0.000000] NX (Execute Disable) protection: active
May 24 21:12:34 lastserver kernel: [    0.000000] SMBIOS 2.7 present.
May 24 21:12:34 lastserver kernel: [    0.000000] DMI: Xen HVM domU, BIOS 4.11.amazon 08/24/2006
May 24 21:12:34 lastserver kernel: [    0.000000] Hypervisor detected: Xen HVM
May 24 21:12:34 lastserver kernel: [    0.000000] Xen version 4.11.
May 24 21:12:34 lastserver kernel: [    0.000000] platform_pci_unplug: Netfront and the Xen platform PCI driver have been compiled for this kernel: unplug emulated NICs.
May 24 21:12:34 lastserver kernel: [    0.000000] platform_pci_unplug: Blkfront and the Xen platform PCI driver have been compiled for this kernel: unplug emulated disks.
May 24 21:12:34 lastserver kernel: [    0.000000] You might have to change the root device
May 24 21:12:34 lastserver kernel: [    0.000000] from /dev/hd[a-d] to /dev/xvd[a-d]
May 24 21:12:34 lastserver kernel: [    0.000000] in your root= kernel command line option
May 24 21:12:34 lastserver kernel: [    0.000007] HVMOP_pagetable_dying not supported
May 24 21:12:34 lastserver kernel: [    0.021905] tsc: Fast TSC calibration using PIT
May 24 21:12:34 lastserver kernel: [    0.021908] tsc: Detected 2399.881 MHz processor
May 24 21:12:34 lastserver kernel: [    0.021910] tsc: Detected 2400.018 MHz TSC
May 24 21:12:34 lastserver kernel: [    0.022339] e820: update [mem 0x00000000-0x00000fff] usable ==> reserved
May 24 21:12:34 lastserver kernel: [    0.022344] e820: remove [mem 0x000a0000-0x000fffff] usable
May 24 21:12:34 lastserver kernel: [    0.022350] last_pfn = 0x40000 max_arch_pfn = 0x400000000
May 24 21:12:34 lastserver kernel: [    0.022397] x86/PAT: Configuration [0-7]: WB  WC  UC- UC  WB  WP  UC- WT  
May 24 21:12:34 lastserver kernel: [    0.039871] found SMP MP-table at [mem 0x000fb9a0-0x000fb9af]
May 24 21:12:34 lastserver kernel: [    0.040008] RAMDISK: [mem 0x372b3000-0x37950fff]
May 24 21:12:34 lastserver kernel: [    0.040019] ACPI: Early table checksum verification disabled
May 24 21:12:34 lastserver kernel: [    0.040025] ACPI: RSDP 0x00000000000EA020 000024 (v02 Xen   )
May 24 21:12:34 lastserver kernel: [    0.040032] ACPI: XSDT 0x00000000FC00C780 000054 (v01 Xen    HVM      00000000 HVML 00000000)
May 24 21:12:34 lastserver kernel: [    0.040041] ACPI: FACP 0x00000000FC00C440 0000F4 (v04 Xen    HVM      00000000 HVML 00000000)
May 24 21:12:34 lastserver kernel: [    0.040050] ACPI: DSDT 0x00000000FC003940 008A7E (v02 Xen    HVM      00000000 INTL 20090123)
May 24 21:12:34 lastserver kernel: [    0.040056] ACPI: FACS 0x00000000FC003900 000040
May 24 21:12:34 lastserver kernel: [    0.040062] ACPI: FACS 0x00000000FC003900 000040
May 24 21:12:34 lastserver kernel: [    0.040067] ACPI: APIC 0x00000000FC00C540 0000D8 (v02 Xen    HVM      00000000 HVML 00000000)
May 24 21:12:34 lastserver kernel: [    0.040073] ACPI: HPET 0x00000000FC00C690 000038 (v01 Xen    HVM      00000000 HVML 00000000)
May 24 21:12:34 lastserver kernel: [    0.040078] ACPI: WAET 0x00000000FC00C6D0 000028 (v01 Xen    HVM      00000000 HVML 00000000)
May 24 21:12:34 lastserver kernel: [    0.040084] ACPI: SSDT 0x00000000FC00C700 000031 (v02 Xen    HVM      00000000 INTL 20090123)
May 24 21:12:34 lastserver kernel: [    0.040090] ACPI: SSDT 0x00000000FC00C740 000033 (v02 Xen    HVM      00000000 INTL 20090123)
May 24 21:12:34 lastserver kernel: [    0.040094] ACPI: Reserving FACP table memory at [mem 0xfc00c440-0xfc00c533]
May 24 21:12:34 lastserver kernel: [    0.040096] ACPI: Reserving DSDT table memory at [mem 0xfc003940-0xfc00c3bd]
May 24 21:12:34 lastserver kernel: [    0.040098] ACPI: Reserving FACS table memory at [mem 0xfc003900-0xfc00393f]
May 24 21:12:34 lastserver kernel: [    0.040099] ACPI: Reserving FACS table memory at [mem 0xfc003900-0xfc00393f]
May 24 21:12:34 lastserver kernel: [    0.040100] ACPI: Reserving APIC table memory at [mem 0xfc00c540-0xfc00c617]
May 24 21:12:34 lastserver kernel: [    0.040102] ACPI: Reserving HPET table memory at [mem 0xfc00c690-0xfc00c6c7]
May 24 21:12:34 lastserver kernel: [    0.040103] ACPI: Reserving WAET table memory at [mem 0xfc00c6d0-0xfc00c6f7]
May 24 21:12:34 lastserver kernel: [    0.040104] ACPI: Reserving SSDT table memory at [mem 0xfc00c700-0xfc00c730]
May 24 21:12:34 lastserver kernel: [    0.040106] ACPI: Reserving SSDT table memory at [mem 0xfc00c740-0xfc00c772]
May 24 21:12:34 lastserver kernel: [    0.042550] No NUMA configuration found
May 24 21:12:34 lastserver kernel: [    0.042554] Faking a node at [mem 0x0000000000000000-0x000000003fffffff]
May 24 21:12:34 lastserver kernel: [    0.042564] NODE_DATA(0) allocated [mem 0x3ffd6000-0x3fffffff]
May 24 21:12:34 lastserver kernel: [    0.042874] Zone ranges:
May 24 21:12:34 lastserver kernel: [    0.042875]   DMA      [mem 0x0000000000001000-0x0000000000ffffff]
May 24 21:12:34 lastserver kernel: [    0.042878]   DMA32    [mem 0x0000000001000000-0x000000003fffffff]
May 24 21:12:34 lastserver kernel: [    0.042880]   Normal   empty
May 24 21:12:34 lastserver kernel: [    0.042882]   Device   empty
May 24 21:12:34 lastserver kernel: [    0.042884] Movable zone start for each node
May 24 21:12:34 lastserver kernel: [    0.042888] Early memory node ranges
May 24 21:12:34 lastserver kernel: [    0.042888]   node   0: [mem 0x0000000000001000-0x000000000009dfff]
May 24 21:12:34 lastserver kernel: [    0.042890]   node   0: [mem 0x0000000000100000-0x000000003fffffff]
May 24 21:12:34 lastserver kernel: [    0.042892] Initmem setup node 0 [mem 0x0000000000001000-0x000000003fffffff]
May 24 21:12:34 lastserver kernel: [    0.042911] On node 0, zone DMA: 1 pages in unavailable ranges
May 24 21:12:34 lastserver kernel: [    0.042947] On node 0, zone DMA: 98 pages in unavailable ranges
May 24 21:12:34 lastserver kernel: [    0.048327] ACPI: PM-Timer IO Port: 0xb008
May 24 21:12:34 lastserver kernel: [    0.048399] IOAPIC[0]: apic_id 1, version 17, address 0xfec00000, GSI 0-47
May 24 21:12:34 lastserver kernel: [    0.048405] ACPI: INT_SRC_OVR (bus 0 bus_irq 0 global_irq 2 dfl dfl)
May 24 21:12:34 lastserver kernel: [    0.048408] ACPI: INT_SRC_OVR (bus 0 bus_irq 5 global_irq 5 low level)
May 24 21:12:34 lastserver kernel: [    0.048410] ACPI: INT_SRC_OVR (bus 0 bus_irq 10 global_irq 10 low level)
May 24 21:12:34 lastserver kernel: [    0.048412] ACPI: INT_SRC_OVR (bus 0 bus_irq 11 global_irq 11 low level)
May 24 21:12:34 lastserver kernel: [    0.048417] ACPI: Using ACPI (MADT) for SMP configuration information
May 24 21:12:34 lastserver kernel: [    0.048420] ACPI: HPET id: 0x8086a201 base: 0xfed00000
May 24 21:12:34 lastserver kernel: [    0.048426] TSC deadline timer available
May 24 21:12:34 lastserver kernel: [    0.048436] smpboot: Allowing 15 CPUs, 14 hotplug CPUs
May 24 21:12:34 lastserver kernel: [    0.048448] PM: hibernation: Registered nosave memory: [mem 0x00000000-0x00000fff]
May 24 21:12:34 lastserver kernel: [    0.048451] PM: hibernation: Registered nosave memory: [mem 0x0009e000-0x0009ffff]
May 24 21:12:34 lastserver kernel: [    0.048452] PM: hibernation: Registered nosave memory: [mem 0x000a0000-0x000dffff]
May 24 21:12:34 lastserver kernel: [    0.048454] PM: hibernation: Registered nosave memory: [mem 0x000e0000-0x000fffff]
May 24 21:12:34 lastserver kernel: [    0.048456] [mem 0x40000000-0xfbffffff] available for PCI devices
May 24 21:12:34 lastserver kernel: [    0.048458] Booting paravirtualized kernel on Xen HVM
May 24 21:12:34 lastserver kernel: [    0.048462] clocksource: refined-jiffies: mask: 0xffffffff max_cycles: 0xffffffff, max_idle_ns: 7645519600211568 ns
May 24 21:12:34 lastserver kernel: [    0.048471] setup_percpu: NR_CPUS:8192 nr_cpumask_bits:15 nr_cpu_ids:15 nr_node_ids:1
May 24 21:12:34 lastserver kernel: [    0.049301] percpu: Embedded 60 pages/cpu s208896 r8192 d28672 u262144
May 24 21:12:34 lastserver kernel: [    0.049309] pcpu-alloc: s208896 r8192 d28672 u262144 alloc=1*2097152
May 24 21:12:34 lastserver kernel: [    0.049311] pcpu-alloc: [0] 00 01 02 03 04 05 06 07 [0] 08 09 10 11 12 13 14 -- 
May 24 21:12:34 lastserver kernel: [    0.049360] xen: PV spinlocks enabled
May 24 21:12:34 lastserver kernel: [    0.049363] PV qspinlock hash table entries: 256 (order: 0, 4096 bytes, linear)
May 24 21:12:34 lastserver kernel: [    0.049371] Built 1 zonelists, mobility grouping on.  Total pages: 257792
May 24 21:12:34 lastserver kernel: [    0.049373] Policy zone: DMA32
May 24 21:12:34 lastserver kernel: [    0.049376] Kernel command line: BOOT_IMAGE=/boot/vmlinuz-5.15.0-1036-aws root=PARTUUID=649d63cb-5b71-44b7-8495-2466cb37066f ro console=tty1 console=ttyS0 nvme_core.io_timeout=4294967295 panic=-1
May 24 21:12:34 lastserver kernel: [    0.049460] Unknown kernel command line parameters "BOOT_IMAGE=/boot/vmlinuz-5.15.0-1036-aws", will be passed to user space.
May 24 21:12:34 lastserver kernel: [    0.049620] Dentry cache hash table entries: 131072 (order: 8, 1048576 bytes, linear)
May 24 21:12:34 lastserver kernel: [    0.049700] Inode-cache hash table entries: 65536 (order: 7, 524288 bytes, linear)
May 24 21:12:34 lastserver kernel: [    0.050060] mem auto-init: stack:off, heap alloc:on, heap free:off
May 24 21:12:34 lastserver kernel: [    0.052479] Memory: 973644K/1048180K available (16393K kernel code, 4385K rwdata, 10872K rodata, 3244K init, 6552K bss, 74276K reserved, 0K cma-reserved)
May 24 21:12:34 lastserver kernel: [    0.052832] SLUB: HWalign=64, Order=0-3, MinObjects=0, CPUs=15, Nodes=1
May 24 21:12:34 lastserver kernel: [    0.052852] Kernel/User page tables isolation: enabled
May 24 21:12:34 lastserver kernel: [    0.052873] ftrace: allocating 50272 entries in 197 pages
May 24 21:12:34 lastserver kernel: [    0.079980] ftrace: allocated 197 pages with 4 groups
May 24 21:12:34 lastserver kernel: [    0.080207] rcu: Hierarchical RCU implementation.
May 24 21:12:34 lastserver kernel: [    0.080209] rcu: 	RCU restricting CPUs from NR_CPUS=8192 to nr_cpu_ids=15.
May 24 21:12:34 lastserver kernel: [    0.080211] 	Rude variant of Tasks RCU enabled.
May 24 21:12:34 lastserver kernel: [    0.080217] 	Tracing variant of Tasks RCU enabled.
May 24 21:12:34 lastserver kernel: [    0.080218] rcu: RCU calculated value of scheduler-enlistment delay is 25 jiffies.
May 24 21:12:34 lastserver kernel: [    0.080220] rcu: Adjusting geometry for rcu_fanout_leaf=16, nr_cpu_ids=15
May 24 21:12:34 lastserver kernel: [    0.085009] NR_IRQS: 524544, nr_irqs: 952, preallocated irqs: 16
May 24 21:12:34 lastserver kernel: [    0.085049] xen:events: Using 2-level ABI
May 24 21:12:34 lastserver kernel: [    0.085123] xen:events: Xen HVM callback vector for event delivery is enabled
May 24 21:12:34 lastserver kernel: [    0.085293] random: crng init done
May 24 21:12:34 lastserver kernel: [    0.124753] Console: colour VGA+ 80x25
May 24 21:12:34 lastserver kernel: [    0.241309] printk: console [tty1] enabled
May 24 21:12:34 lastserver kernel: [    0.242173] Cannot get hvm parameter CONSOLE_EVTCHN (18): -22!
May 24 21:12:34 lastserver kernel: [    0.847027] printk: console [ttyS0] enabled
May 24 21:12:34 lastserver kernel: [    0.851315] ACPI: Core revision 20210730
May 24 21:12:34 lastserver kernel: [    0.855372] clocksource: hpet: mask: 0xffffffff max_cycles: 0xffffffff, max_idle_ns: 30580167144 ns
May 24 21:12:34 lastserver kernel: [    0.863204] APIC: Switch to symmetric I/O mode setup
May 24 21:12:34 lastserver kernel: [    0.868995] x2apic: IRQ remapping doesn't support X2APIC mode
May 24 21:12:34 lastserver kernel: [    0.875495] Switched APIC routing to physical flat.
May 24 21:12:34 lastserver kernel: [    0.883212] ..TIMER: vector=0x30 apic1=0 pin1=2 apic2=0 pin2=0
May 24 21:12:34 lastserver kernel: [    0.907240] clocksource: tsc-early: mask: 0xffffffffffffffff max_cycles: 0x229848b50c4, max_idle_ns: 440795322125 ns
May 24 21:12:34 lastserver kernel: [    0.918056] Calibrating delay loop (skipped), value calculated using timer frequency.. 4800.03 BogoMIPS (lpj=9600072)
May 24 21:12:34 lastserver kernel: [    0.926053] pid_max: default: 32768 minimum: 301
May 24 21:12:34 lastserver kernel: [    0.930113] LSM: Security Framework initializing
May 24 21:12:34 lastserver kernel: [    0.934076] landlock: Up and running.
May 24 21:12:34 lastserver kernel: [    0.938055] Yama: becoming mindful.
May 24 21:12:34 lastserver kernel: [    0.942099] AppArmor: AppArmor initialized
May 24 21:12:34 lastserver kernel: [    0.946105] Mount-cache hash table entries: 2048 (order: 2, 16384 bytes, linear)
May 24 21:12:34 lastserver kernel: [    0.954057] Mountpoint-cache hash table entries: 2048 (order: 2, 16384 bytes, linear)
May 24 21:12:34 lastserver kernel: [    0.962470] Last level iTLB entries: 4KB 1024, 2MB 1024, 4MB 1024
May 24 21:12:34 lastserver kernel: [    0.966056] Last level dTLB entries: 4KB 1024, 2MB 1024, 4MB 1024, 1GB 4
May 24 21:12:34 lastserver kernel: [    0.970061] Spectre V1 : Mitigation: usercopy/swapgs barriers and __user pointer sanitization
May 24 21:12:34 lastserver kernel: [    0.978053] Spectre V2 : Mitigation: Retpolines
May 24 21:12:34 lastserver kernel: [    0.982052] Spectre V2 : Spectre v2 / SpectreRSB mitigation: Filling RSB on context switch
May 24 21:12:34 lastserver kernel: [    0.990053] Spectre V2 : Spectre v2 / SpectreRSB : Filling RSB on VMEXIT
May 24 21:12:34 lastserver kernel: [    0.994055] Speculative Store Bypass: Vulnerable
May 24 21:12:34 lastserver kernel: [    1.002063] MDS: Vulnerable: Clear CPU buffers attempted, no microcode
May 24 21:12:34 lastserver kernel: [    1.006054] MMIO Stale Data: Vulnerable: Clear CPU buffers attempted, no microcode
May 24 21:12:34 lastserver kernel: [    1.041514] clocksource: xen: mask: 0xffffffffffffffff max_cycles: 0x1cd42e4dffb, max_idle_ns: 881590591483 ns
May 24 21:12:34 lastserver kernel: [    1.210075] Xen: using vcpuop timer interface
May 24 21:12:34 lastserver kernel: [    1.210089] installing Xen timer for CPU 0
May 24 21:12:34 lastserver kernel: [    1.214160] smpboot: CPU0: Intel(R) Xeon(R) CPU E5-2676 v3 @ 2.40GHz (family: 0x6, model: 0x3f, stepping: 0x2)
May 24 21:12:34 lastserver kernel: [    1.218107] cpu 0 spinlock event irq 53
May 24 21:12:34 lastserver kernel: [    1.222217] Performance Events: unsupported p6 CPU model 63 no PMU driver, software events only.
May 24 21:12:34 lastserver kernel: [    1.226118] rcu: Hierarchical SRCU implementation.
May 24 21:12:34 lastserver kernel: [    1.230170] NMI watchdog: Perf NMI watchdog permanently disabled
May 24 21:12:34 lastserver kernel: [    1.234301] smp: Bringing up secondary CPUs ...
May 24 21:12:34 lastserver kernel: [    1.237602] smp: Brought up 1 node, 1 CPU
May 24 21:12:34 lastserver kernel: [    1.238061] smpboot: Max logical packages: 15
May 24 21:12:34 lastserver kernel: [    1.241483] smpboot: Total of 1 processors activated (4800.03 BogoMIPS)
May 24 21:12:34 lastserver kernel: [    1.242355] devtmpfs: initialized
May 24 21:12:34 lastserver kernel: [    1.245190] x86/mm: Memory block size: 128MB
May 24 21:12:34 lastserver kernel: [    1.246374] clocksource: jiffies: mask: 0xffffffff max_cycles: 0xffffffff, max_idle_ns: 7645041785100000 ns
May 24 21:12:34 lastserver kernel: [    1.250118] futex hash table entries: 4096 (order: 6, 262144 bytes, linear)
May 24 21:12:34 lastserver kernel: [    1.254173] pinctrl core: initialized pinctrl subsystem
May 24 21:12:34 lastserver kernel: [    1.258059] PM: RTC time: 21:12:23, date: 2023-05-24
May 24 21:12:34 lastserver kernel: [    1.261960] NET: Registered PF_NETLINK/PF_ROUTE protocol family
May 24 21:12:34 lastserver kernel: [    1.262213] DMA: preallocated 128 KiB GFP_KERNEL pool for atomic allocations
May 24 21:12:34 lastserver kernel: [    1.266087] DMA: preallocated 128 KiB GFP_KERNEL|GFP_DMA pool for atomic allocations
May 24 21:12:34 lastserver kernel: [    1.270088] DMA: preallocated 128 KiB GFP_KERNEL|GFP_DMA32 pool for atomic allocations
May 24 21:12:34 lastserver kernel: [    1.274082] audit: initializing netlink subsys (disabled)
May 24 21:12:34 lastserver kernel: [    1.278306] thermal_sys: Registered thermal governor 'fair_share'
May 24 21:12:34 lastserver kernel: [    1.278308] thermal_sys: Registered thermal governor 'bang_bang'
May 24 21:12:34 lastserver kernel: [    1.282065] audit: type=2000 audit(1684962743.673:1): state=initialized audit_enabled=0 res=1
May 24 21:12:34 lastserver kernel: [    1.290063] thermal_sys: Registered thermal governor 'step_wise'
May 24 21:12:34 lastserver kernel: [    1.290065] thermal_sys: Registered thermal governor 'user_space'
May 24 21:12:34 lastserver kernel: [    1.294062] thermal_sys: Registered thermal governor 'power_allocator'
May 24 21:12:34 lastserver kernel: [    1.298096] EISA bus registered
May 24 21:12:34 lastserver kernel: [    1.305925] cpuidle: using governor ladder
May 24 21:12:34 lastserver kernel: [    1.306061] cpuidle: using governor menu
May 24 21:12:34 lastserver kernel: [    1.310131] ACPI: bus type PCI registered
May 24 21:12:34 lastserver kernel: [    1.314061] acpiphp: ACPI Hot Plug PCI Controller Driver version: 0.5
May 24 21:12:34 lastserver kernel: [    1.318770] PCI: Using configuration type 1 for base access
May 24 21:12:34 lastserver kernel: [    1.323510] kprobes: kprobe jump-optimization is enabled. All kprobes are optimized if possible.
May 24 21:12:34 lastserver kernel: [    1.326235] HugeTLB registered 2.00 MiB page size, pre-allocated 0 pages
May 24 21:12:34 lastserver kernel: [    1.331105] ACPI: Added _OSI(Module Device)
May 24 21:12:34 lastserver kernel: [    1.334094] ACPI: Added _OSI(Processor Device)
May 24 21:12:34 lastserver kernel: [    1.338095] ACPI: Added _OSI(3.0 _SCP Extensions)
May 24 21:12:34 lastserver kernel: [    1.342073] ACPI: Added _OSI(Processor Aggregator Device)
May 24 21:12:34 lastserver kernel: [    1.346078] ACPI: Added _OSI(Linux-Dell-Video)
May 24 21:12:34 lastserver kernel: [    1.350063] ACPI: Added _OSI(Linux-Lenovo-NV-HDMI-Audio)
May 24 21:12:34 lastserver kernel: [    1.354061] ACPI: Added _OSI(Linux-HPI-Hybrid-Graphics)
May 24 21:12:34 lastserver kernel: [    1.364538] ACPI: 3 ACPI AML tables successfully acquired and loaded
May 24 21:12:34 lastserver kernel: [    1.366785] xen: --> pirq=16 -> irq=9 (gsi=9)
May 24 21:12:34 lastserver kernel: [    1.368065] ACPI: Interpreter enabled
May 24 21:12:34 lastserver kernel: [    1.370074] ACPI: PM: (supports S0 S4 S5)
May 24 21:12:34 lastserver kernel: [    1.374059] ACPI: Using IOAPIC for interrupt routing
May 24 21:12:34 lastserver kernel: [    1.378103] PCI: Using host bridge windows from ACPI; if necessary, use "pci=nocrs" and report a bug
May 24 21:12:34 lastserver kernel: [    1.382061] PCI: Using E820 reservations for host bridge windows
May 24 21:12:34 lastserver kernel: [    1.386531] ACPI: Enabled 2 GPEs in block 00 to 0F
May 24 21:12:34 lastserver kernel: [    1.419683] ACPI: PCI Root Bridge [PCI0] (domain 0000 [bus 00-ff])
May 24 21:12:34 lastserver kernel: [    1.422072] acpi PNP0A03:00: _OSC: OS supports [ASPM ClockPM Segments MSI EDR HPX-Type3]
May 24 21:12:34 lastserver kernel: [    1.426103] acpi PNP0A03:00: fail to add MMCONFIG information, can't access extended PCI configuration space under this bridge.
May 24 21:12:34 lastserver kernel: [    1.431669] acpiphp: Slot [0] registered
May 24 21:12:34 lastserver kernel: [    1.435997] acpiphp: Slot [3] registered
May 24 21:12:34 lastserver kernel: [    1.438706] acpiphp: Slot [4] registered
May 24 21:12:34 lastserver kernel: [    1.442783] acpiphp: Slot [5] registered
May 24 21:12:34 lastserver kernel: [    1.446769] acpiphp: Slot [6] registered
May 24 21:12:34 lastserver kernel: [    1.450736] acpiphp: Slot [7] registered
May 24 21:12:34 lastserver kernel: [    1.454411] acpiphp: Slot [8] registered
May 24 21:12:34 lastserver kernel: [    1.457788] acpiphp: Slot [9] registered
May 24 21:12:34 lastserver kernel: [    1.458445] acpiphp: Slot [10] registered
May 24 21:12:34 lastserver kernel: [    1.461870] acpiphp: Slot [11] registered
May 24 21:12:34 lastserver kernel: [    1.462486] acpiphp: Slot [12] registered
May 24 21:12:34 lastserver kernel: [    1.466042] acpiphp: Slot [13] registered
May 24 21:12:34 lastserver kernel: [    1.466629] acpiphp: Slot [14] registered
May 24 21:12:34 lastserver kernel: [    1.470688] acpiphp: Slot [15] registered
May 24 21:12:34 lastserver kernel: [    1.474685] acpiphp: Slot [16] registered
May 24 21:12:34 lastserver kernel: [    1.478646] acpiphp: Slot [17] registered
May 24 21:12:34 lastserver kernel: [    1.482610] acpiphp: Slot [18] registered
May 24 21:12:34 lastserver kernel: [    1.486640] acpiphp: Slot [19] registered
May 24 21:12:34 lastserver kernel: [    1.490598] acpiphp: Slot [20] registered
May 24 21:12:34 lastserver kernel: [    1.494627] acpiphp: Slot [21] registered
May 24 21:12:34 lastserver kernel: [    1.498576] acpiphp: Slot [22] registered
May 24 21:12:34 lastserver kernel: [    1.502596] acpiphp: Slot [23] registered
May 24 21:12:34 lastserver kernel: [    1.506573] acpiphp: Slot [24] registered
May 24 21:12:34 lastserver kernel: [    1.510568] acpiphp: Slot [25] registered
May 24 21:12:34 lastserver kernel: [    1.514609] acpiphp: Slot [26] registered
May 24 21:12:34 lastserver kernel: [    1.518587] acpiphp: Slot [27] registered
May 24 21:12:34 lastserver kernel: [    1.522662] acpiphp: Slot [28] registered
May 24 21:12:34 lastserver kernel: [    1.526575] acpiphp: Slot [29] registered
May 24 21:12:34 lastserver kernel: [    1.530629] acpiphp: Slot [30] registered
May 24 21:12:34 lastserver kernel: [    1.534576] acpiphp: Slot [31] registered
May 24 21:12:34 lastserver kernel: [    1.538585] PCI host bridge to bus 0000:00
May 24 21:12:34 lastserver kernel: [    1.542064] pci_bus 0000:00: root bus resource [bus 00-ff]
May 24 21:12:34 lastserver kernel: [    1.546061] pci_bus 0000:00: root bus resource [io  0x0000-0x0cf7 window]
May 24 21:12:34 lastserver kernel: [    1.550058] pci_bus 0000:00: root bus resource [io  0x0d00-0xffff window]
May 24 21:12:34 lastserver kernel: [    1.554062] pci_bus 0000:00: root bus resource [mem 0x000a0000-0x000bffff window]
May 24 21:12:34 lastserver kernel: [    1.558061] pci_bus 0000:00: root bus resource [mem 0xf0000000-0xfbffffff window]
May 24 21:12:34 lastserver kernel: [    1.563040] pci 0000:00:00.0: [8086:1237] type 00 class 0x060000
May 24 21:12:34 lastserver kernel: [    1.570329] pci 0000:00:01.0: [8086:7000] type 00 class 0x060100
May 24 21:12:34 lastserver kernel: [    1.578417] pci 0000:00:01.1: [8086:7010] type 00 class 0x010180
May 24 21:12:34 lastserver kernel: [    1.584631] pci 0000:00:01.1: reg 0x20: [io  0xc100-0xc10f]
May 24 21:12:34 lastserver kernel: [    1.587105] pci 0000:00:01.1: legacy IDE quirk: reg 0x10: [io  0x01f0-0x01f7]
May 24 21:12:34 lastserver kernel: [    1.590058] pci 0000:00:01.1: legacy IDE quirk: reg 0x14: [io  0x03f6]
May 24 21:12:34 lastserver kernel: [    1.594064] pci 0000:00:01.1: legacy IDE quirk: reg 0x18: [io  0x0170-0x0177]
May 24 21:12:34 lastserver kernel: [    1.598062] pci 0000:00:01.1: legacy IDE quirk: reg 0x1c: [io  0x0376]
May 24 21:12:34 lastserver kernel: [    1.603810] * Found PM-Timer Bug on the chipset. Due to workarounds for a bug,
May 24 21:12:34 lastserver kernel: [    1.603810] * this clock source is slow. Consider trying other clock sources
May 24 21:12:34 lastserver kernel: [    1.606064] pci 0000:00:01.3: [8086:7113] type 00 class 0x068000
May 24 21:12:34 lastserver kernel: [    1.612922] pci 0000:00:01.3: quirk: [io  0xb000-0xb03f] claimed by PIIX4 ACPI
May 24 21:12:34 lastserver kernel: [    1.616625] pci 0000:00:02.0: [1013:00b8] type 00 class 0x030000
May 24 21:12:34 lastserver kernel: [    1.618851] pci 0000:00:02.0: reg 0x10: [mem 0xf0000000-0xf1ffffff pref]
May 24 21:12:34 lastserver kernel: [    1.622471] pci 0000:00:02.0: reg 0x14: [mem 0xf3000000-0xf3000fff]
May 24 21:12:34 lastserver kernel: [    1.628550] pci 0000:00:02.0: Video device with shadowed ROM at [mem 0x000c0000-0x000dffff]
May 24 21:12:34 lastserver kernel: [    1.631715] pci 0000:00:03.0: [5853:0001] type 00 class 0xff8000
May 24 21:12:34 lastserver kernel: [    1.634951] pci 0000:00:03.0: reg 0x10: [io  0xc000-0xc0ff]
May 24 21:12:34 lastserver kernel: [    1.638489] pci 0000:00:03.0: reg 0x14: [mem 0xf2000000-0xf2ffffff pref]
May 24 21:12:34 lastserver kernel: [    1.651966] ACPI: PCI: Interrupt link LNKA configured for IRQ 5
May 24 21:12:34 lastserver kernel: [    1.654459] ACPI: PCI: Interrupt link LNKB configured for IRQ 10
May 24 21:12:34 lastserver kernel: [    1.658413] ACPI: PCI: Interrupt link LNKC configured for IRQ 11
May 24 21:12:34 lastserver kernel: [    1.662390] ACPI: PCI: Interrupt link LNKD configured for IRQ 5
May 24 21:12:34 lastserver kernel: [    1.678434] xen:balloon: Initialising balloon driver
May 24 21:12:34 lastserver kernel: [    1.682175] iommu: Default domain type: Translated 
May 24 21:12:34 lastserver kernel: [    1.686059] iommu: DMA domain TLB invalidation policy: lazy mode 
May 24 21:12:34 lastserver kernel: [    1.690271] SCSI subsystem initialized
May 24 21:12:34 lastserver kernel: [    1.694121] libata version 3.00 loaded.
May 24 21:12:34 lastserver kernel: [    1.694244] pci 0000:00:02.0: vgaarb: setting as boot VGA device
May 24 21:12:34 lastserver kernel: [    1.698051] pci 0000:00:02.0: vgaarb: VGA device added: decodes=io+mem,owns=io+mem,locks=none
May 24 21:12:34 lastserver kernel: [    1.698064] pci 0000:00:02.0: vgaarb: bridge control possible
May 24 21:12:34 lastserver kernel: [    1.702061] vgaarb: loaded
May 24 21:12:34 lastserver kernel: [    1.705245] ACPI: bus type USB registered
May 24 21:12:34 lastserver kernel: [    1.706093] usbcore: registered new interface driver usbfs
May 24 21:12:34 lastserver kernel: [    1.710076] usbcore: registered new interface driver hub
May 24 21:12:34 lastserver kernel: [    1.714075] usbcore: registered new device driver usb
May 24 21:12:34 lastserver kernel: [    1.718097] pps_core: LinuxPPS API ver. 1 registered
May 24 21:12:34 lastserver kernel: [    1.722060] pps_core: Software ver. 5.3.6 - Copyright 2005-2007 Rodolfo Giometti <giometti@linux.it>
May 24 21:12:34 lastserver kernel: [    1.726067] PTP clock support registered
May 24 21:12:34 lastserver kernel: [    1.730161] EDAC MC: Ver: 3.0.0
May 24 21:12:34 lastserver kernel: [    1.734663] NetLabel: Initializing
May 24 21:12:34 lastserver kernel: [    1.738060] NetLabel:  domain hash size = 128
May 24 21:12:34 lastserver kernel: [    1.742057] NetLabel:  protocols = UNLABELED CIPSOv4 CALIPSO
May 24 21:12:34 lastserver kernel: [    1.746096] NetLabel:  unlabeled traffic allowed by default
May 24 21:12:34 lastserver kernel: [    1.750146] PCI: Using ACPI for IRQ routing
May 24 21:12:34 lastserver kernel: [    1.754061] PCI: pci_cache_line_size set to 64 bytes
May 24 21:12:34 lastserver kernel: [    1.755001] e820: reserve RAM buffer [mem 0x0009e000-0x0009ffff]
May 24 21:12:34 lastserver kernel: [    1.756424] hpet: 3 channels of 0 reserved for per-cpu timers
May 24 21:12:34 lastserver kernel: [    1.758068] hpet0: at MMIO 0xfed00000, IRQs 2, 8, 0
May 24 21:12:34 lastserver kernel: [    1.762060] hpet0: 3 comparators, 64-bit 62.500000 MHz counter
May 24 21:12:34 lastserver kernel: [    1.768156] clocksource: Switched to clocksource xen
May 24 21:12:34 lastserver kernel: [    1.782914] VFS: Disk quotas dquot_6.6.0
May 24 21:12:34 lastserver kernel: [    1.793733] VFS: Dquot-cache hash table entries: 512 (order 0, 4096 bytes)
May 24 21:12:34 lastserver kernel: [    1.800845] AppArmor: AppArmor Filesystem Enabled
May 24 21:12:34 lastserver kernel: [    1.805730] pnp: PnP ACPI init
May 24 21:12:34 lastserver kernel: [    1.809399] system 00:00: [mem 0x00000000-0x0009ffff] could not be reserved
May 24 21:12:34 lastserver kernel: [    1.816881] system 00:01: [io  0x08a0-0x08a3] has been reserved
May 24 21:12:34 lastserver kernel: [    1.822670] system 00:01: [io  0x0cc0-0x0ccf] has been reserved
May 24 21:12:34 lastserver kernel: [    1.828846] system 00:01: [io  0x04d0-0x04d1] has been reserved
May 24 21:12:34 lastserver kernel: [    1.834904] xen: --> pirq=17 -> irq=8 (gsi=8)
May 24 21:12:34 lastserver kernel: [    1.834973] xen: --> pirq=18 -> irq=12 (gsi=12)
May 24 21:12:34 lastserver kernel: [    1.835073] xen: --> pirq=19 -> irq=1 (gsi=1)
May 24 21:12:34 lastserver kernel: [    1.835117] xen: --> pirq=20 -> irq=6 (gsi=6)
May 24 21:12:34 lastserver kernel: [    1.835121] pnp 00:05: [dma 2]
May 24 21:12:34 lastserver kernel: [    1.835175] xen: --> pirq=21 -> irq=4 (gsi=4)
May 24 21:12:34 lastserver kernel: [    1.835285] system 00:07: [io  0x10c0-0x1141] has been reserved
May 24 21:12:34 lastserver kernel: [    1.840468] system 00:07: [io  0xb044-0xb047] has been reserved
May 24 21:12:34 lastserver kernel: [    1.856214] pnp: PnP ACPI: found 8 devices
May 24 21:12:34 lastserver kernel: [    1.866033] clocksource: acpi_pm: mask: 0xffffff max_cycles: 0xffffff, max_idle_ns: 2085701024 ns
May 24 21:12:34 lastserver kernel: [    1.874576] NET: Registered PF_INET protocol family
May 24 21:12:34 lastserver kernel: [    1.879202] IP idents hash table entries: 16384 (order: 5, 131072 bytes, linear)
May 24 21:12:34 lastserver kernel: [    1.886642] tcp_listen_portaddr_hash hash table entries: 512 (order: 1, 8192 bytes, linear)
May 24 21:12:34 lastserver kernel: [    1.894309] Table-perturb hash table entries: 65536 (order: 6, 262144 bytes, linear)
May 24 21:12:34 lastserver kernel: [    1.901514] TCP established hash table entries: 8192 (order: 4, 65536 bytes, linear)
May 24 21:12:34 lastserver kernel: [    1.908376] TCP bind hash table entries: 8192 (order: 5, 131072 bytes, linear)
May 24 21:12:34 lastserver kernel: [    1.915469] TCP: Hash tables configured (established 8192 bind 8192)
May 24 21:12:34 lastserver kernel: [    1.921937] MPTCP token hash table entries: 1024 (order: 2, 24576 bytes, linear)
May 24 21:12:34 lastserver kernel: [    2.099545] UDP hash table entries: 512 (order: 2, 16384 bytes, linear)
May 24 21:12:34 lastserver kernel: [    2.106134] UDP-Lite hash table entries: 512 (order: 2, 16384 bytes, linear)
May 24 21:12:34 lastserver kernel: [    2.113028] NET: Registered PF_UNIX/PF_LOCAL protocol family
May 24 21:12:34 lastserver kernel: [    2.118704] NET: Registered PF_XDP protocol family
May 24 21:12:34 lastserver kernel: [    2.123442] pci_bus 0000:00: resource 4 [io  0x0000-0x0cf7 window]
May 24 21:12:34 lastserver kernel: [    2.129329] pci_bus 0000:00: resource 5 [io  0x0d00-0xffff window]
May 24 21:12:34 lastserver kernel: [    2.135137] pci_bus 0000:00: resource 6 [mem 0x000a0000-0x000bffff window]
May 24 21:12:34 lastserver kernel: [    2.141615] pci_bus 0000:00: resource 7 [mem 0xf0000000-0xfbffffff window]
May 24 21:12:34 lastserver kernel: [    2.148502] pci 0000:00:01.0: PIIX3: Enabling Passive Release
May 24 21:12:34 lastserver kernel: [    2.154155] pci 0000:00:00.0: Limiting direct PCI/PCI transfers
May 24 21:12:34 lastserver kernel: [    2.159899] pci 0000:00:01.0: Activating ISA DMA hang workarounds
May 24 21:12:34 lastserver kernel: [    2.166291] PCI: CLS 0 bytes, default 64
May 24 21:12:34 lastserver kernel: [    2.170660] Trying to unpack rootfs image as initramfs...
May 24 21:12:34 lastserver kernel: [    2.174941] clocksource: tsc: mask: 0xffffffffffffffff max_cycles: 0x229848b50c4, max_idle_ns: 440795322125 ns
May 24 21:12:34 lastserver kernel: [    2.185357] Freeing initrd memory: 6776K
May 24 21:12:34 lastserver kernel: [    2.188891] Initialise system trusted keyrings
May 24 21:12:34 lastserver kernel: [    2.192493] Key type blacklist registered
May 24 21:12:34 lastserver kernel: [    2.195833] workingset: timestamp_bits=36 max_order=18 bucket_order=0
May 24 21:12:34 lastserver kernel: [    2.202130] zbud: loaded
May 24 21:12:34 lastserver kernel: [    2.204663] squashfs: version 4.0 (2009/01/31) Phillip Lougher
May 24 21:12:34 lastserver kernel: [    2.209407] fuse: init (API version 7.34)
May 24 21:12:34 lastserver kernel: [    2.213062] integrity: Platform Keyring initialized
May 24 21:12:34 lastserver kernel: [    2.227482] Key type asymmetric registered
May 24 21:12:34 lastserver kernel: [    2.230818] Asymmetric key parser 'x509' registered
May 24 21:12:34 lastserver kernel: [    2.235392] Block layer SCSI generic (bsg) driver version 0.4 loaded (major 243)
May 24 21:12:34 lastserver kernel: [    2.242273] io scheduler mq-deadline registered
May 24 21:12:34 lastserver kernel: [    2.246660] shpchp: Standard Hot Plug PCI Controller Driver version: 0.4
May 24 21:12:34 lastserver kernel: [    2.253692] input: Power Button as /devices/LNXSYSTM:00/LNXPWRBN:00/input/input0
May 24 21:12:34 lastserver kernel: [    2.260632] ACPI: button: Power Button [PWRF]
May 24 21:12:34 lastserver kernel: [    2.265146] input: Sleep Button as /devices/LNXSYSTM:00/LNXSLPBN:00/input/input1
May 24 21:12:34 lastserver kernel: [    2.272525] ACPI: button: Sleep Button [SLPF]
May 24 21:12:34 lastserver kernel: [    2.284618] xen: --> pirq=22 -> irq=28 (gsi=28)
May 24 21:12:34 lastserver kernel: [    2.284800] xen:grant_table: Grant tables using version 1 layout
May 24 21:12:34 lastserver kernel: [    2.291260] Grant table initialized
May 24 21:12:34 lastserver kernel: [    2.296248] Cannot get hvm parameter CONSOLE_EVTCHN (18): -22!
May 24 21:12:34 lastserver kernel: [    2.302309] Serial: 8250/16550 driver, 4 ports, IRQ sharing enabled
May 24 21:12:34 lastserver kernel: [    2.343726] 00:06: ttyS0 at I/O 0x3f8 (irq = 4, base_baud = 115200) is a 16550A
May 24 21:12:34 lastserver kernel: [    2.364664] Linux agpgart interface v0.103
May 24 21:12:34 lastserver kernel: [    2.374692] loop: module loaded
May 24 21:12:34 lastserver kernel: [    2.379071] Invalid max_queues (4), will use default max: 1.
May 24 21:12:34 lastserver kernel: [    2.387159] ata_piix 0000:00:01.1: version 2.13
May 24 21:12:34 lastserver kernel: [    2.388686] scsi host0: ata_piix
May 24 21:12:34 lastserver kernel: [    2.392942] scsi host1: ata_piix
May 24 21:12:34 lastserver kernel: [    2.397112] ata1: PATA max MWDMA2 cmd 0x1f0 ctl 0x3f6 bmdma 0xc100 irq 14
May 24 21:12:34 lastserver kernel: [    2.404283] ata2: PATA max MWDMA2 cmd 0x170 ctl 0x376 bmdma 0xc108 irq 15
May 24 21:12:34 lastserver kernel: [    2.415534] tun: Universal TUN/TAP device driver, 1.6
May 24 21:12:34 lastserver kernel: [    2.421891] PPP generic driver version 2.4.2
May 24 21:12:34 lastserver kernel: [    2.426880] xen_netfront: Initialising Xen virtual ethernet driver
May 24 21:12:34 lastserver kernel: [    2.433297] VFIO - User Level meta-driver version: 0.3
May 24 21:12:34 lastserver kernel: [    2.438838] ehci_hcd: USB 2.0 'Enhanced' Host Controller (EHCI) Driver
May 24 21:12:34 lastserver kernel: [    2.445418] ehci-pci: EHCI PCI platform driver
May 24 21:12:34 lastserver kernel: [    2.450345] ehci-platform: EHCI generic platform driver
May 24 21:12:34 lastserver kernel: [    2.456182] ohci_hcd: USB 1.1 'Open' Host Controller (OHCI) Driver
May 24 21:12:34 lastserver kernel: [    2.462455] ohci-pci: OHCI PCI platform driver
May 24 21:12:34 lastserver kernel: [    2.468506] ohci-platform: OHCI generic platform driver
May 24 21:12:34 lastserver kernel: [    2.474978] uhci_hcd: USB Universal Host Controller Interface driver
May 24 21:12:34 lastserver kernel: [    2.483300] i8042: PNP: PS/2 Controller [PNP0303:PS2K,PNP0f13:PS2M] at 0x60,0x64 irq 1,12
May 24 21:12:34 lastserver kernel: [    2.497560] serio: i8042 KBD port at 0x60,0x64 irq 1
May 24 21:12:34 lastserver kernel: [    2.501335] serio: i8042 AUX port at 0x60,0x64 irq 12
May 24 21:12:34 lastserver kernel: [    2.505486] mousedev: PS/2 mouse device common for all mice
May 24 21:12:34 lastserver kernel: [    2.513209] input: AT Translated Set 2 keyboard as /devices/platform/i8042/serio0/input/input2
May 24 21:12:34 lastserver kernel: [    2.522399] rtc_cmos 00:02: registered as rtc0
May 24 21:12:34 lastserver kernel: [    2.527200] rtc_cmos 00:02: setting system clock to 2023-05-24T21:12:25 UTC (1684962745)
May 24 21:12:34 lastserver kernel: [    2.537122] rtc_cmos 00:02: alarms up to one day, 114 bytes nvram, hpet irqs
May 24 21:12:34 lastserver kernel: [    2.545747] i2c_dev: i2c /dev entries driver
May 24 21:12:34 lastserver kernel: [    2.551265] device-mapper: core: CONFIG_IMA_DISABLE_HTABLE is disabled. Duplicate IMA measurements will not be recorded in the IMA log.
May 24 21:12:34 lastserver kernel: [    2.587670] device-mapper: uevent: version 1.0.3
May 24 21:12:34 lastserver kernel: [    2.595217] device-mapper: ioctl: 4.45.0-ioctl (2021-03-22) initialised: dm-devel@redhat.com
May 24 21:12:34 lastserver kernel: [    2.607809] platform eisa.0: Probing EISA bus 0
May 24 21:12:34 lastserver kernel: [    2.615608] platform eisa.0: EISA: Cannot allocate resource for mainboard
May 24 21:12:34 lastserver kernel: [    2.624589] platform eisa.0: Cannot allocate resource for EISA slot 1
May 24 21:12:34 lastserver kernel: [    2.633258] platform eisa.0: Cannot allocate resource for EISA slot 2
May 24 21:12:34 lastserver kernel: [    2.641063] platform eisa.0: Cannot allocate resource for EISA slot 3
May 24 21:12:34 lastserver kernel: [    2.646496] platform eisa.0: Cannot allocate resource for EISA slot 4
May 24 21:12:34 lastserver kernel: [    2.652146] platform eisa.0: Cannot allocate resource for EISA slot 5
May 24 21:12:34 lastserver kernel: [    2.660576] platform eisa.0: Cannot allocate resource for EISA slot 6
May 24 21:12:34 lastserver kernel: [    2.666114] platform eisa.0: Cannot allocate resource for EISA slot 7
May 24 21:12:34 lastserver kernel: [    2.671693] platform eisa.0: Cannot allocate resource for EISA slot 8
May 24 21:12:34 lastserver kernel: [    2.681270] platform eisa.0: EISA: Detected 0 cards
May 24 21:12:34 lastserver kernel: [    2.686525] intel_pstate: CPU model not supported
May 24 21:12:34 lastserver kernel: [    2.690536] ledtrig-cpu: registered to indicate activity on CPUs
May 24 21:12:34 lastserver kernel: [    2.695443] drop_monitor: Initializing network drop monitor service
May 24 21:12:34 lastserver kernel: [    2.700580] NET: Registered PF_INET6 protocol family
May 24 21:12:34 lastserver kernel: [    2.705183] blkfront: xvda: barrier or flush: disabled; persistent grants: disabled; indirect descriptors: enabled; bounce buffer: disabled;
May 24 21:12:34 lastserver kernel: [    2.714717] Segment Routing with IPv6
May 24 21:12:34 lastserver kernel: [    2.718090] In-situ OAM (IOAM) with IPv6
May 24 21:12:34 lastserver kernel: [    2.721845] NET: Registered PF_PACKET protocol family
May 24 21:12:34 lastserver kernel: [    2.726510] Key type dns_resolver registered
May 24 21:12:34 lastserver kernel: [    2.730332] resctrl: L3 allocation detected
May 24 21:12:34 lastserver kernel: [    2.735034] IPI shorthand broadcast: enabled
May 24 21:12:34 lastserver kernel: [    2.739766] sched_clock: Marking stable (1962930541, 776767261)->(3013500632, -273802830)
May 24 21:12:34 lastserver kernel: [    2.746243] registered taskstats version 1
May 24 21:12:34 lastserver kernel: [    2.749755] Loading compiled-in X.509 certificates
May 24 21:12:34 lastserver kernel: [    2.754555] Loaded X.509 cert 'Build time autogenerated kernel key: 3cf7b6f53c4c48887b27005547faa6a286eda426'
May 24 21:12:34 lastserver kernel: [    2.762816] Loaded X.509 cert 'Canonical Ltd. Live Patch Signing: 14df34d1a87cf37625abec039ef2bf521249b969'
May 24 21:12:34 lastserver kernel: [    2.770752]  xvda: xvda1 xvda14 xvda15
May 24 21:12:34 lastserver kernel: [    2.774322] Loaded X.509 cert 'Canonical Ltd. Kernel Module Signing: 88f752e560a1e0737e31163a466ad7b70a850c19'
May 24 21:12:34 lastserver kernel: [    2.783617] blacklist: Loading compiled-in revocation X.509 certificates
May 24 21:12:34 lastserver kernel: [    2.789154] Loaded X.509 cert 'Canonical Ltd. Secure Boot Signing: 61482aa2830d0ab2ad5af10b7250da9033ddcef0'
May 24 21:12:34 lastserver kernel: [    2.796370] Loaded X.509 cert 'Canonical Ltd. Secure Boot Signing (2017): 242ade75ac4a15e50d50c84b0d45ff3eae707a03'
May 24 21:12:34 lastserver kernel: [    2.804342] Loaded X.509 cert 'Canonical Ltd. Secure Boot Signing (ESM 2018): 365188c1d374d6b07c3c8f240f8ef722433d6a8b'
May 24 21:12:34 lastserver kernel: [    2.813054] Loaded X.509 cert 'Canonical Ltd. Secure Boot Signing (2019): c0746fd6c5da3ae827864651ad66ae47fe24b3e8'
May 24 21:12:34 lastserver kernel: [    2.822931] Loaded X.509 cert 'Canonical Ltd. Secure Boot Signing (2021 v1): a8d54bbb3825cfb94fa13c9f8a594a195c107b8d'
May 24 21:12:34 lastserver kernel: [    2.830529] Loaded X.509 cert 'Canonical Ltd. Secure Boot Signing (2021 v2): 4cf046892d6fd3c9a5b03f98d845f90851dc6a8c'
May 24 21:12:34 lastserver kernel: [    2.838383] Loaded X.509 cert 'Canonical Ltd. Secure Boot Signing (2021 v3): 100437bb6de6e469b581e61cd66bce3ef4ed53af'
May 24 21:12:34 lastserver kernel: [    2.850316] Loaded X.509 cert 'Canonical Ltd. Secure Boot Signing (Ubuntu Core 2019): c1d57b8f6b743f23ee41f4f7ee292f06eecadfb9'
May 24 21:12:34 lastserver kernel: [    2.863781] zswap: loaded using pool lzo/zbud
May 24 21:12:34 lastserver kernel: [    2.869406] Key type .fscrypt registered
May 24 21:12:34 lastserver kernel: [    2.874152] Key type fscrypt-provisioning registered
May 24 21:12:34 lastserver kernel: [    2.880327] Key type encrypted registered
May 24 21:12:34 lastserver kernel: [    2.885339] AppArmor: AppArmor sha1 policy hashing enabled
May 24 21:12:34 lastserver kernel: [    2.891619] ima: No TPM chip found, activating TPM-bypass!
May 24 21:12:34 lastserver kernel: [    2.898535] Loading compiled-in module X.509 certificates
May 24 21:12:34 lastserver kernel: [    2.905421] Loaded X.509 cert 'Build time autogenerated kernel key: 3cf7b6f53c4c48887b27005547faa6a286eda426'
May 24 21:12:34 lastserver kernel: [    2.916573] ima: Allocated hash algorithm: sha1
May 24 21:12:34 lastserver kernel: [    2.921313] ima: No architecture policies found
May 24 21:12:34 lastserver kernel: [    2.926231] evm: Initialising EVM extended attributes:
May 24 21:12:34 lastserver kernel: [    2.932907] evm: security.selinux
May 24 21:12:34 lastserver kernel: [    2.937376] evm: security.SMACK64
May 24 21:12:34 lastserver kernel: [    2.941702] evm: security.SMACK64EXEC
May 24 21:12:34 lastserver kernel: [    2.946424] evm: security.SMACK64TRANSMUTE
May 24 21:12:34 lastserver kernel: [    2.951511] evm: security.SMACK64MMAP
May 24 21:12:34 lastserver kernel: [    2.955956] evm: security.apparmor
May 24 21:12:34 lastserver kernel: [    2.960281] evm: security.ima
May 24 21:12:34 lastserver kernel: [    2.964293] evm: security.capability
May 24 21:12:34 lastserver kernel: [    2.968877] evm: HMAC attrs: 0x1
May 24 21:12:34 lastserver kernel: [    2.973245] PM:   Magic number: 7:195:248
May 24 21:12:34 lastserver kernel: [    2.978296] acpi device:5e: hash matches
May 24 21:12:34 lastserver kernel: [    2.983030] RAS: Correctable Errors collector initialized.
May 24 21:12:34 lastserver kernel: [    2.990730] md: Waiting for all devices to be available before autodetect
May 24 21:12:34 lastserver kernel: [    2.998398] md: If you don't use raid, use raid=noautodetect
May 24 21:12:34 lastserver kernel: [    3.004790] md: Autodetecting RAID arrays.
May 24 21:12:34 lastserver kernel: [    3.010856] md: autorun ...
May 24 21:12:34 lastserver kernel: [    3.015111] md: ... autorun DONE.
May 24 21:12:34 lastserver kernel: [    3.022622] EXT4-fs (xvda1): mounted filesystem with ordered data mode. Opts: (null). Quota mode: none.
May 24 21:12:34 lastserver kernel: [    3.031412] VFS: Mounted root (ext4 filesystem) readonly on device 202:1.
May 24 21:12:34 lastserver kernel: [    3.038226] devtmpfs: mounted
May 24 21:12:34 lastserver kernel: [    3.042672] Freeing unused decrypted memory: 2036K
May 24 21:12:34 lastserver kernel: [    3.048102] Freeing unused kernel image (initmem) memory: 3244K
May 24 21:12:34 lastserver kernel: [    3.053616] Write protecting the kernel read-only data: 30720k
